 l2test

 Timestamp is 5d455511 (Sat Aug 03 15:04:09 2019)

 Preferred load address is 00400000

 Start         Length     Name                   Class
 0001:00000000 000baf24H .text                   CODE
 0001:000baf30 00007823H .text$x                 CODE
 0002:00000000 000074a1H .rdata                  DATA
 0002:000074a8 00001164H .rdata$r                DATA
 0002:00008610 00009a58H .xdata$x                DATA
 0002:00012068 00000000H .edata                  DATA
 0003:00000000 00000004H .CRT$XCA                DATA
 0003:00000004 0000031cH .CRT$XCU                DATA
 0003:00000320 00000004H .CRT$XCZ                DATA
 0003:00000324 00000004H .CRT$XIA                DATA
 0003:00000328 00000010H .CRT$XIC                DATA
 0003:00000338 00000004H .CRT$XIY                DATA
 0003:0000033c 00000004H .CRT$XIZ                DATA
 0003:00000340 00000004H .CRT$XPA                DATA
 0003:00000344 00000004H .CRT$XPX                DATA
 0003:00000348 00000004H .CRT$XPZ                DATA
 0003:0000034c 00000004H .CRT$XTA                DATA
 0003:00000350 00000004H .CRT$XTB                DATA
 0003:00000354 00000004H .CRT$XTZ                DATA
 0003:00000360 00002b04H .data                   DATA
 0003:00002e68 00101eb4H .bss                    DATA
 0004:00000000 00000028H .idata$2                DATA
 0004:00000028 00000014H .idata$3                DATA
 0004:0000003c 000001acH .idata$4                DATA
 0004:000001e8 000001acH .idata$5                DATA
 0004:00000394 000009b4H .idata$6                DATA

  Address         Publics by Value              Rva+Base     Lib:Object

 0001:00000200       ?setRecovery@@YAX_N@Z      00401200 f   l2test.obj
 0001:00000230       ?isRecovery@@YA_NXZ        00401230 f   l2test.obj
 0001:00000260       ?doFile@@YAXAAVLivingstone_debug@@AAVOptionFinder@@@Z 00401260 f   l2test.obj
 0001:00000360       ??0MBA_string@@QAE@PBD@Z   00401360 f i l2test.obj
 0001:00000400       ??2Pooled@@SAPAXI@Z        00401400 f i l2test.obj
 0001:00000440       ??0Pooled@@IAE@XZ          00401440 f i l2test.obj
 0001:00000470       ??1Pooled@@IAE@XZ          00401470 f i l2test.obj
 0001:000004a0       ??0String_value@MBA_string@@QAE@PBD@Z 004014a0 f i l2test.obj
 0001:00000560       ??1MBA_string@@QAE@XZ      00401560 f i l2test.obj
 0001:00000610       ??9MBA_string@@QBE_NPBD@Z  00401610 f i l2test.obj
 0001:00000660       ??8MBA_string@@QBE_NPBD@Z  00401660 f i l2test.obj
 0001:000006b0       ?compare@MBA_string@@QBEHPBD@Z 004016b0 f i l2test.obj
 0001:00000700       ??_GString_value@MBA_string@@QAEPAXI@Z 00401700 f i l2test.obj
 0001:00000760       ??3Pooled@@SAXPAXI@Z       00401760 f i l2test.obj
 0001:000007a0       ??1String_value@MBA_string@@QAE@XZ 004017a0 f i l2test.obj
 0001:00000820       ??6@YAAAV?$basic_ostream@DU?$char_traits@D@std@@@std@@AAV01@ABVMBA_string@@@Z 00401820 f i l2test.obj
 0001:00000870       ?c_str@MBA_string@@QBEPBDXZ 00401870 f i l2test.obj
 0001:000008a0       ?set_filename@Livingstone@@QAEXABVMBA_string@@@Z 004018a0 f i l2test.obj
 0001:000008f0       ?setFilename@Livingstone_reader@@QAEXABVMBA_string@@@Z 004018f0 f i l2test.obj
 0001:00000930       ??4MBA_string@@QAEAAV0@ABV0@@Z 00401930 f i l2test.obj
 0001:000009e0       ?get_filename@Livingstone@@QBEABVMBA_string@@XZ 004019e0 f i l2test.obj
 0001:00000a20       ?getFilename@Livingstone_reader@@QBEABVMBA_string@@XZ 00401a20 f i l2test.obj
 0001:00000a50       ?getReader@Livingstone@@QBEAAVLivingstone_reader@@XZ 00401a50 f i l2test.obj
 0001:00000b00       ??0L2_fatal_error@@QAE@VMBA_string@@@Z 00401b00 f i l2test.obj
 0001:00000b80       ??0MBA_string@@QAE@ABV0@@Z 00401b80 f i l2test.obj
 0001:00000be0       ??1L2_fatal_error@@QAE@XZ  00401be0 f i l2test.obj
 0001:00000c20       ??0L2_fatal_error@@QAE@ABV0@@Z 00401c20 f i l2test.obj
 0001:00000c60       ?optarg@OptionFinder@@QBEPBDXZ 00401c60 f i l2test.obj
 0001:00000c90       ?doHelp@@YAXAAVLivingstone_debug@@AAVOptionFinder@@@Z 00401c90 f   l2test.obj
 0001:00000ce0       ?doVerbose@@YAXAAVLivingstone_debug@@AAVOptionFinder@@@Z 00401ce0 f   l2test.obj
 0001:00000e30       ?set_verbose_reader@Livingstone_reader@@QAEX_N@Z 00401e30 f i l2test.obj
 0001:00000e70       ?set_verbose_optimizer@Livingstone_reader@@QAEX_N@Z 00401e70 f i l2test.obj
 0001:00000eb0       ?set_verbosity@Livingstone@@QAEX_N00@Z 00401eb0 f i l2test.obj
 0001:00000f00       ?set_verbosity@Livingstone_reader@@QAEX_N0@Z 00401f00 f i l2test.obj
 0001:00000f50       ?set_verbose_writer@Livingstone@@QAEX_N@Z 00401f50 f i l2test.obj
 0001:00000f80       ?processOptions@@YAXAAVLivingstone_debug@@PAPAD@Z 00401f80 f   l2test.obj
 0001:00001210       ?endl@std@@YAAAV?$basic_ostream@DU?$char_traits@D@std@@@1@AAV21@@Z 00402210 f i l2test.obj
 0001:00001250       ?set_search_style@Livingstone@@QAEXW4Search_style@Tracker@@@Z 00402250 f i l2test.obj
 0001:00001290       ?set_search_style@L2_parameters@@QAEXW4Search_style@Tracker@@@Z 00402290 f i l2test.obj
 0001:000012c0       ?set_cbfs_maxcand@Livingstone@@QAEXI@Z 004022c0 f i l2test.obj
 0001:00001300       ?set_cbfs_max_candidates@L2_parameters@@QAEXI@Z 00402300 f i l2test.obj
 0001:00001330       ?set_cbfs_max_candidate_classes@Livingstone@@QAEXI@Z 00402330 f i l2test.obj
 0001:00001370       ?set_cbfs_max_candidate_classes@L2_parameters@@QAEXI@Z 00402370 f i l2test.obj
 0001:000013a0       ?set_cbfs_search@Livingstone@@QAEXI@Z 004023a0 f i l2test.obj
 0001:000013e0       ?set_cbfs_search_space@L2_parameters@@QAEXI@Z 004023e0 f i l2test.obj
 0001:00001410       ?set_cover_maxrank@Livingstone@@QAEXI@Z 00402410 f i l2test.obj
 0001:00001450       ?set_cover_max_rank@L2_parameters@@QAEXI@Z 00402450 f i l2test.obj
 0001:00001480       ?set_history@Livingstone@@QAEXI@Z 00402480 f i l2test.obj
 0001:000014c0       ?set_history@L2_parameters@@QAEXI@Z 004024c0 f i l2test.obj
 0001:000014f0       ?set_progress_style_str@Livingstone@@QAEXABVMBA_string@@@Z 004024f0 f i l2test.obj
 0001:00001540       ?set_progress_style@Livingstone@@QAEXW4Progress_style@T_system@@@Z 00402540 f i l2test.obj
 0001:000015a0       ?setUseOptimizer@Livingstone_reader@@QAEX_N@Z 004025a0 f i l2test.obj
 0001:000015d0       ?set_progress_style@L2_parameters@@QAEXW4Progress_style@T_system@@@Z 004025d0 f i l2test.obj
 0001:00001600       ?set_max_truncated_candidates@Livingstone@@QAEXI@Z 00402600 f i l2test.obj
 0001:00001640       ?set_max_truncated_candidates@L2_parameters@@QAEXI@Z 00402640 f i l2test.obj
 0001:00001670       ?set_use_optimizer@Livingstone@@QAEX_N@Z 00402670 f i l2test.obj
 0001:000016c0       _main                      004026c0 f   l2test.obj
 0001:00001af0       ?verbose_optimizer@Livingstone_reader@@QBE_NXZ 00402af0 f i l2test.obj
 0001:00001b20       ?optimize@Livingstone_reader@@QAE_NXZ 00402b20 f i l2test.obj
 0001:00001b90       ?setPlanning@T_system@@QAEXXZ 00402b90 f i l2test.obj
 0001:00001bc0       ?get_t_system@Tracker@@QAEAAVT_system@@XZ 00402bc0 f i l2test.obj
 0001:00001bf0       ?print_search_parameters@Livingstone@@QBEXXZ 00402bf0 f i l2test.obj
 0001:00001c30       ?get_use_optimizer@Livingstone@@QBE_NXZ 00402c30 f i l2test.obj
 0001:00001c70       ?getUseOptimizer@Livingstone_reader@@QBE_NXZ 00402c70 f i l2test.obj
 0001:00001ca0       ?get_tracker@Livingstone@@QAEPAVTracker@@XZ 00402ca0 f i l2test.obj
 0001:00001cd0       ?run@Livingstone_debug@@QAE_NXZ 00402cd0 f i l2test.obj
 0001:00001d10       ??6?$basic_ostream@DU?$char_traits@D@std@@@std@@QAEAAV01@P6AAAV01@AAV01@@Z@Z 00402d10 f i l2test.obj
 0001:00001d60       ?put@?$basic_ostream@DU?$char_traits@D@std@@@std@@QAEAAV12@D@Z 00402d60 f i l2test.obj
 0001:00001ea0       ?eq_int_type@?$char_traits@D@std@@SA_NABH0@Z 00402ea0 f i l2test.obj
 0001:00001ed0       ?eof@?$char_traits@D@std@@SAHXZ 00402ed0 f i l2test.obj
 0001:00001f00       ?flush@?$basic_ostream@DU?$char_traits@D@std@@@std@@QAEAAV12@XZ 00402f00 f i l2test.obj
 0001:00001f90       ?fail@ios_base@std@@QBE_NXZ 00402f90 f i l2test.obj
 0001:00001fd0       ?rdstate@ios_base@std@@QBEHXZ 00402fd0 f i l2test.obj
 0001:00002000       ?setstate@?$basic_ios@DU?$char_traits@D@std@@@std@@QAEXH_N@Z 00403000 f i l2test.obj
 0001:00002050       ?rdbuf@?$basic_ios@DU?$char_traits@D@std@@@std@@QBEPAV?$basic_streambuf@DU?$char_traits@D@std@@@2@XZ 00403050 f i l2test.obj
 0001:00002080       ?clear@?$basic_ios@DU?$char_traits@D@std@@@std@@QAEXH_N@Z 00403080 f i l2test.obj
 0001:000020e0       ??0sentry@?$basic_ostream@DU?$char_traits@D@std@@@std@@QAE@AAV12@@Z 004030e0 f i l2test.obj
 0001:00002130       ??1sentry@?$basic_ostream@DU?$char_traits@D@std@@@std@@QAE@XZ 00403130 f i l2test.obj
 0001:00002180       ??Bsentry@?$basic_ostream@DU?$char_traits@D@std@@@std@@QBE_NXZ 00403180 f i l2test.obj
 0001:000021b0       ?pubsync@?$basic_streambuf@DU?$char_traits@D@std@@@std@@QAEHXZ 004031b0 f i l2test.obj
 0001:00002200       ?sputc@?$basic_streambuf@DU?$char_traits@D@std@@@std@@QAEHD@Z 00403200 f i l2test.obj
 0001:000022a0       ?to_int_type@?$char_traits@D@std@@SAHABD@Z 004032a0 f i l2test.obj
 0001:000022d0       ?pptr@?$basic_streambuf@DU?$char_traits@D@std@@@std@@IBEPADXZ 004032d0 f i l2test.obj
 0001:00002300       ?epptr@?$basic_streambuf@DU?$char_traits@D@std@@@std@@IBEPADXZ 00403300 f i l2test.obj
 0001:00002340       ?opfx@?$basic_ostream@DU?$char_traits@D@std@@@std@@QAE_NXZ 00403340 f i l2test.obj
 0001:000023d0       ?good@ios_base@std@@QBE_NXZ 004033d0 f i l2test.obj
 0001:00002410       ?osfx@?$basic_ostream@DU?$char_traits@D@std@@@std@@QAEXXZ 00403410 f i l2test.obj
 0001:00002460       ?flags@ios_base@std@@QBEHXZ 00403460 f i l2test.obj
 0001:00002490       ?tie@?$basic_ios@DU?$char_traits@D@std@@@std@@QBEPAV?$basic_ostream@DU?$char_traits@D@std@@@2@XZ 00403490 f i l2test.obj
 0001:000024c0       ?_Pninc@?$basic_streambuf@DU?$char_traits@D@std@@@std@@IAEPADXZ 004034c0 f i l2test.obj
 0001:00002520       ?L2_free_array_no_dtor@@YAXPADI@Z 00403520 f i l2test.obj
 0001:00002560       ??6std@@YAAAV?$basic_ostream@DU?$char_traits@D@std@@@0@AAV10@PBD@Z 00403560 f i l2test.obj
 0001:00002840       ?length@?$char_traits@D@std@@SAIPBD@Z 00403840 f i l2test.obj
 0001:00002880       ?width@ios_base@std@@QBEHXZ 00403880 f i l2test.obj
 0001:000028b0       ?width@ios_base@std@@QAEHH@Z 004038b0 f i l2test.obj
 0001:000028f0       ?fill@?$basic_ios@DU?$char_traits@D@std@@@std@@QBEDXZ 004038f0 f i l2test.obj
 0001:00002920       ?sputn@?$basic_streambuf@DU?$char_traits@D@std@@@std@@QAEHPBDH@Z 00403920 f i l2test.obj
 0001:000029b0       ?id@?$ctype@G@std@@$D      004039b0 f i l2test.obj
 0001:00002a30       ?id@?$ctype@G@std@@$E      00403a30 f i l2test.obj
 0001:00002c50       ??0OptionFinder@@QAE@PBQBDPBUOption@@I@Z 00403c50 f   readersd:options.obj
 0001:00002ca0       ?printOptions@OptionFinder@@QAEXAAV?$basic_ostream@DU?$char_traits@D@std@@@std@@@Z 00403ca0 f   readersd:options.obj
 0001:00002e70       ?printOptions@OptionFinder@@QAEXXZ 00403e70 f   readersd:options.obj
 0001:00002eb0       ?find_long_option@OptionFinder@@AAEPBUOption@@PBD@Z 00403eb0 f   readersd:options.obj
 0001:00002f70       ?find_short_option@OptionFinder@@AAEPBUOption@@D@Z 00403f70 f   readersd:options.obj
 0001:00002fe0       ?next_option@OptionFinder@@QAEHXZ 00403fe0 f   readersd:options.obj
 0001:000031a0       ??6std@@YAAAV?$basic_ostream@DU?$char_traits@D@std@@@0@AAV10@D@Z 004041a0 f i readersd:options.obj
 0001:000036f0       ?discover_file_type@from_any@@SA?AW4FileType@1@ABVMBA_string@@0@Z 004046f0 f   readersd:from_any.obj
 0001:00003800       ??4MBA_string@@QAEAAV0@PBD@Z 00404800 f i readersd:from_any.obj
 0001:000038b0       ??0from_any@@QAE@PAVL2_file@@VMBA_string@@1@Z 004048b0 f   readersd:from_any.obj
 0001:00003970       ??1L2_file_reader@@UAE@XZ  00404970 f i readersd:from_any.obj
 0001:000039d0       ??0L2_file_reader@@IAE@PAVL2_file@@@Z 004049d0 f i readersd:from_any.obj
 0001:00003a30       ??_EL2_file_reader@@UAEPAXI@Z 00404a30 f i readersd:from_any.obj
 0001:00003a30       ??_GL2_file_reader@@UAEPAXI@Z 00404a30 f i readersd:from_any.obj
 0001:00003a90       ??_Gfrom_any@@UAEPAXI@Z    00404a90 f i readersd:from_any.obj
 0001:00003a90       ??_Efrom_any@@UAEPAXI@Z    00404a90 f i readersd:from_any.obj
 0001:00003af0       ??1from_any@@UAE@XZ        00404af0 f i readersd:from_any.obj
 0001:00003b60       ??0from_any@@QAE@PAVL2_file@@VMBA_string@@W4FileType@0@@Z 00404b60 f   readersd:from_any.obj
 0001:00003c00       ?doRead@from_any@@AAE_NAAVL2_file_reader@@@Z 00404c00 f   readersd:from_any.obj
 0001:00003d80       ?setVerbose@L2_file_reader@@QAEX_N@Z 00404d80 f i readersd:from_any.obj
 0001:00003db0       ?isVerbose@L2_file_reader@@QBE_NXZ 00404db0 f i readersd:from_any.obj
 0001:00003de0       ??1L2_error@@QAE@XZ        00404de0 f i readersd:from_any.obj
 0001:00003e20       ?readXMPL@from_any@@AAE_NXZ 00404e20 f   readersd:from_any.obj
 0001:00003f10       ?dest@L2_file_reader@@IAEPAVL2_file@@XZ 00404f10 f i readersd:from_any.obj
 0001:00003f40       ??0from_xmpl@@QAE@PAVL2_file@@ABVMBA_string@@@Z 00404f40 f i readersd:from_any.obj
 0001:000040e0       ??1from_xmpl@@UAE@XZ       004050e0 f i readersd:from_any.obj
 0001:000041e0       ??_Efrom_xmpl@@UAEPAXI@Z   004051e0 f i readersd:from_any.obj
 0001:000041e0       ??_Gfrom_xmpl@@UAEPAXI@Z   004051e0 f i readersd:from_any.obj
 0001:00004240       ?readL2@from_any@@AAE_NXZ  00405240 f   readersd:from_any.obj
 0001:00004370       ??0from_l2@@QAE@PAVL2_file@@VMBA_string@@@Z 00405370 f i readersd:from_any.obj
 0001:00004500       ??_Gfrom_l2@@UAEPAXI@Z     00405500 f i readersd:from_any.obj
 0001:00004500       ??_Efrom_l2@@UAEPAXI@Z     00405500 f i readersd:from_any.obj
 0001:00004560       ?readL2bin@from_any@@AAE_NXZ 00405560 f   readersd:from_any.obj
 0001:00004660       ?read@from_any@@UAE_NXZ    00405660 f   readersd:from_any.obj
 0001:00004800       ??0MBA_string@@QAE@H@Z     00405800 f i readersd:from_any.obj
 0001:000048e0       ??HMBA_string@@QBE?AV0@ABV0@@Z 004058e0 f i readersd:from_any.obj
 0001:00004950       ??0MBA_string@@QAE@PBDI0I@Z 00405950 f i readersd:from_any.obj
 0001:00004a30       ??0String_value@MBA_string@@QAE@PBDI@Z 00405a30 f i readersd:from_any.obj
 0001:00004af0       ?size@MBA_string@@QBEIXZ   00405af0 f i readersd:from_any.obj
 0001:00004b20       ??HMBA_string@@QBE?AV0@PBD@Z 00405b20 f i readersd:from_any.obj
 0001:00004b90       ??H@YA?AVMBA_string@@PBDABV0@@Z 00405b90 f i readersd:from_any.obj
 0001:00004c00       ??0?$Slist@PAVL2rClause@@@@QAE@XZ 00405c00 f i readersd:from_any.obj
 0001:00004c40       ??1?$Slist@PAVL2rClause@@@@QAE@XZ 00405c40 f i readersd:from_any.obj
 0001:00004c80       ??0?$Slist@PAVL2rProposition@@@@QAE@XZ 00405c80 f i readersd:from_any.obj
 0001:00004cc0       ??1?$Slist@PAVL2rProposition@@@@QAE@XZ 00405cc0 f i readersd:from_any.obj
 0001:00004d00       ??0?$Hash_table@VMBA_string@@PAVdbg_L2rEnumeration@@@@QAE@P6AIABVMBA_string@@@Z@Z 00405d00 f i readersd:from_any.obj
 0001:00004d70       ??1?$Hash_table@VMBA_string@@PAVdbg_L2rEnumeration@@@@QAE@XZ 00405d70 f i readersd:from_any.obj
 0001:00004dc0       ??0?$Hash_table@VMBA_string@@PAVdbg_L2rVariable@@@@QAE@P6AIABVMBA_string@@@Z@Z 00405dc0 f i readersd:from_any.obj
 0001:00004e30       ??1?$Hash_table@VMBA_string@@PAVdbg_L2rVariable@@@@QAE@XZ 00405e30 f i readersd:from_any.obj
 0001:00004e80       ??0?$Slist@PAVL2rTransition@@@@QAE@XZ 00405e80 f i readersd:from_any.obj
 0001:00004ec0       ??1?$Slist@PAVL2rTransition@@@@QAE@XZ 00405ec0 f i readersd:from_any.obj
 0001:00004f00       ?erase@?$Slist@PAVL2rClause@@@@QAEXXZ 00405f00 f i readersd:from_any.obj
 0001:00004f60       ?erase@?$Slist@PAVL2rProposition@@@@QAEXXZ 00405f60 f i readersd:from_any.obj
 0001:00004fc0       ?erase@?$Slist@PAVL2rTransition@@@@QAEXXZ 00405fc0 f i readersd:from_any.obj
 0001:00005020       ?delete_list@?$Slist_item@PAVL2rClause@@@@QAEXXZ 00406020 f i readersd:from_any.obj
 0001:000050a0       ?delete_list@?$Slist_item@PAVL2rProposition@@@@QAEXXZ 004060a0 f i readersd:from_any.obj
 0001:00005120       ?delete_list@?$Slist_item@PAVL2rTransition@@@@QAEXXZ 00406120 f i readersd:from_any.obj
 0001:000051a0       ??_G?$Slist_item@PAVL2rClause@@@@QAEPAXI@Z 004061a0 f i readersd:from_any.obj
 0001:00005200       ??_G?$Slist_item@PAVL2rProposition@@@@QAEPAXI@Z 00406200 f i readersd:from_any.obj
 0001:00005260       ??_G?$Slist_item@PAVL2rTransition@@@@QAEPAXI@Z 00406260 f i readersd:from_any.obj
 0001:000052c0       ??1?$Slist_item@PAVL2rClause@@@@QAE@XZ 004062c0 f i readersd:from_any.obj
 0001:00005300       ??1?$Slist_item@PAVL2rProposition@@@@QAE@XZ 00406300 f i readersd:from_any.obj
 0001:00005340       ??1?$Slist_item@PAVL2rTransition@@@@QAE@XZ 00406340 f i readersd:from_any.obj
 0001:00005380       ?search_dict_by_key@@YA?AW4FileType@from_any@@PBU?$String_key_dict_item@W4FileType@from_any@@@@W412@PBD@Z 00406380 f i readersd:from_any.obj
 0001:00005400       ?L2_initialize_array@@YAPAV?$Slist@U?$MBApair@$$CBVMBA_string@@QAVdbg_L2rEnumeration@@@@@@PAV1@I@Z 00406400 f i readersd:from_any.obj
 0001:000054b0       ??2@YAPAXIPAX@Z            004064b0 f i readersd:from_any.obj
 0001:000054e0       ??3@YAXPAX0@Z              004064e0 f i readersd:from_any.obj
 0001:00005500       ?L2_free_array@@YAXPAV?$Slist@U?$MBApair@$$CBVMBA_string@@QAVdbg_L2rEnumeration@@@@@@I@Z 00406500 f i readersd:from_any.obj
 0001:000055b0       ?L2_initialize_array@@YAPAV?$Slist@U?$MBApair@$$CBVMBA_string@@QAVdbg_L2rVariable@@@@@@PAV1@I@Z 004065b0 f i readersd:from_any.obj
 0001:00005660       ?L2_free_array@@YAXPAV?$Slist@U?$MBApair@$$CBVMBA_string@@QAVdbg_L2rVariable@@@@@@I@Z 00406660 f i readersd:from_any.obj
 0001:00005710       ??_G?$Slist@U?$MBApair@$$CBVMBA_string@@QAVdbg_L2rEnumeration@@@@@@QAEPAXI@Z 00406710 f i readersd:from_any.obj
 0001:00005770       ??_G?$Slist@U?$MBApair@$$CBVMBA_string@@QAVdbg_L2rVariable@@@@@@QAEPAXI@Z 00406770 f i readersd:from_any.obj
 0001:000057d0       ??0?$Slist@U?$MBApair@$$CBVMBA_string@@QAVdbg_L2rEnumeration@@@@@@QAE@XZ 004067d0 f i readersd:from_any.obj
 0001:00005810       ??1?$Slist@U?$MBApair@$$CBVMBA_string@@QAVdbg_L2rEnumeration@@@@@@QAE@XZ 00406810 f i readersd:from_any.obj
 0001:00005850       ??0?$Slist@U?$MBApair@$$CBVMBA_string@@QAVdbg_L2rVariable@@@@@@QAE@XZ 00406850 f i readersd:from_any.obj
 0001:00005890       ??1?$Slist@U?$MBApair@$$CBVMBA_string@@QAVdbg_L2rVariable@@@@@@QAE@XZ 00406890 f i readersd:from_any.obj
 0001:000058d0       ?erase@?$Slist@U?$MBApair@$$CBVMBA_string@@QAVdbg_L2rEnumeration@@@@@@QAEXXZ 004068d0 f i readersd:from_any.obj
 0001:00005930       ?erase@?$Slist@U?$MBApair@$$CBVMBA_string@@QAVdbg_L2rVariable@@@@@@QAEXXZ 00406930 f i readersd:from_any.obj
 0001:00005990       ?delete_list@?$Slist_item@U?$MBApair@$$CBVMBA_string@@QAVdbg_L2rEnumeration@@@@@@QAEXXZ 00406990 f i readersd:from_any.obj
 0001:00005a10       ?delete_list@?$Slist_item@U?$MBApair@$$CBVMBA_string@@QAVdbg_L2rVariable@@@@@@QAEXXZ 00406a10 f i readersd:from_any.obj
 0001:00005a90       ??_G?$Slist_item@U?$MBApair@$$CBVMBA_string@@QAVdbg_L2rEnumeration@@@@@@QAEPAXI@Z 00406a90 f i readersd:from_any.obj
 0001:00005af0       ??_G?$Slist_item@U?$MBApair@$$CBVMBA_string@@QAVdbg_L2rVariable@@@@@@QAEPAXI@Z 00406af0 f i readersd:from_any.obj
 0001:00005b50       ??1?$Slist_item@U?$MBApair@$$CBVMBA_string@@QAVdbg_L2rEnumeration@@@@@@QAE@XZ 00406b50 f i readersd:from_any.obj
 0001:00005bc0       ??1?$Slist_item@U?$MBApair@$$CBVMBA_string@@QAVdbg_L2rVariable@@@@@@QAE@XZ 00406bc0 f i readersd:from_any.obj
 0001:00005c30       ??1?$MBApair@$$CBVMBA_string@@QAVdbg_L2rEnumeration@@@@QAE@XZ 00406c30 f i readersd:from_any.obj
 0001:00005c70       ??1?$MBApair@$$CBVMBA_string@@QAVdbg_L2rVariable@@@@QAE@XZ 00406c70 f i readersd:from_any.obj
 0001:00005cb0       ??0?$Slist@U?$MBApair@$$CBVMBA_string@@QAVdbg_L2rEnumeration@@@@@@QAE@ABV0@@Z 00406cb0 f i readersd:from_any.obj
 0001:00005db0       ?L2_free_array_no_dtor@@YAXPAV?$Slist@U?$MBApair@$$CBVMBA_string@@QAVdbg_L2rEnumeration@@@@@@I@Z 00406db0 f i readersd:from_any.obj
 0001:00005df0       ??0?$Slist@U?$MBApair@$$CBVMBA_string@@QAVdbg_L2rVariable@@@@@@QAE@ABV0@@Z 00406df0 f i readersd:from_any.obj
 0001:00005ef0       ?L2_free_array_no_dtor@@YAXPAV?$Slist@U?$MBApair@$$CBVMBA_string@@QAVdbg_L2rVariable@@@@@@I@Z 00406ef0 f i readersd:from_any.obj
 0001:00005fb0       ??0?$Slist_item@U?$MBApair@$$CBVMBA_string@@QAVdbg_L2rEnumeration@@@@@@QAE@ABU?$MBApair@$$CBVMBA_string@@QAVdbg_L2rEnumeration@@@@@Z 00406fb0 f i readersd:from_any.obj
 0001:00006030       ??0?$Slist_item@U?$MBApair@$$CBVMBA_string@@QAVdbg_L2rVariable@@@@@@QAE@ABU?$MBApair@$$CBVMBA_string@@QAVdbg_L2rVariable@@@@@Z 00407030 f i readersd:from_any.obj
 0001:000060b0       ??0?$MBApair@$$CBVMBA_string@@QAVdbg_L2rEnumeration@@@@QAE@ABU0@@Z 004070b0 f i readersd:from_any.obj
 0001:00006100       ??0?$MBApair@$$CBVMBA_string@@QAVdbg_L2rVariable@@@@QAE@ABU0@@Z 00407100 f i readersd:from_any.obj
 0001:00006350       ??0Livingstone_reader@@QAE@XZ 00407350 f   readersd:livingstone_reader.obj
 0001:00006430       ??_GLivingstone_reader@@UAEPAXI@Z 00407430 f i readersd:livingstone_reader.obj
 0001:00006430       ??_ELivingstone_reader@@UAEPAXI@Z 00407430 f i readersd:livingstone_reader.obj
 0001:00006490       ??1Livingstone_reader@@UAE@XZ 00407490 f   readersd:livingstone_reader.obj
 0001:000065d0       ??_GL2_file@@QAEPAXI@Z     004075d0 f i readersd:livingstone_reader.obj
 0001:00006630       ?read_model_array@Livingstone_reader@@QAE_NPBEI@Z 00407630 f   readersd:livingstone_reader.obj
 0001:000068d0       ??0L2_argument_error@@QAE@VMBA_string@@@Z 004078d0 f i readersd:livingstone_reader.obj
 0001:00006960       ??0L2_error@@IAE@VMBA_string@@@Z 00407960 f i readersd:livingstone_reader.obj
 0001:000069e0       ?get_output@Livingstone_reader@@QAEAAV?$basic_ostream@DU?$char_traits@D@std@@@std@@XZ 004079e0 f i readersd:livingstone_reader.obj
 0001:00006a10       ??1L2_argument_error@@QAE@XZ 00407a10 f i readersd:livingstone_reader.obj
 0001:00006a50       ??0L2_argument_error@@QAE@ABV0@@Z 00407a50 f i readersd:livingstone_reader.obj
 0001:00006a90       ??0L2_error@@QAE@ABV0@@Z   00407a90 f i readersd:livingstone_reader.obj
 0001:00006ad0       ?read_file@Livingstone_reader@@QAE_NVMBA_string@@0@Z 00407ad0 f   readersd:livingstone_reader.obj
 0001:00006d40       ?apply_translator@Livingstone_reader@@IAE_NPAVL2_file_translator@@@Z 00407d40 f   readersd:livingstone_reader.obj
 0001:00006f10       ??0L2_initialization_error@@QAE@VMBA_string@@@Z 00407f10 f i readersd:livingstone_reader.obj
 0001:00006fa0       ?get_file@Livingstone_reader@@QAEPAVL2_file@@XZ 00407fa0 f i readersd:livingstone_reader.obj
 0001:00007000       ?set_source@L2_file_translator@@QAEXPBVL2_file@@@Z 00408000 f i readersd:livingstone_reader.obj
 0001:000070c0       ?get_source@L2_file_translator@@QBEPBVL2_file@@XZ 004080c0 f i readersd:livingstone_reader.obj
 0001:000070f0       ?set_dest@L2_file_translator@@QAEXPAVL2_file@@@Z 004080f0 f i readersd:livingstone_reader.obj
 0001:000071b0       ?get_dest@L2_file_translator@@QBEPBVL2_file@@XZ 004081b0 f i readersd:livingstone_reader.obj
 0001:000071e0       ?setVerbose@L2_file_translator@@QAEX_N@Z 004081e0 f i readersd:livingstone_reader.obj
 0001:00007210       ?set_output@L2_file_translator@@QAEXAAV?$basic_ostream@DU?$char_traits@D@std@@@std@@@Z 00408210 f i readersd:livingstone_reader.obj
 0001:00007240       ??1L2_initialization_error@@QAE@XZ 00408240 f i readersd:livingstone_reader.obj
 0001:00007280       ??0L2_initialization_error@@QAE@ABV0@@Z 00408280 f i readersd:livingstone_reader.obj
 0001:000072c0       ?merge_eq_vars@Livingstone_reader@@QAE_NXZ 004082c0 f   readersd:livingstone_reader.obj
 0001:00007360       ??0xlate_merge_eq_vars@@QAE@PBVL2_file@@PAV1@@Z 00408360 f i readersd:livingstone_reader.obj
 0001:00007410       ??1L2_file_translator@@UAE@XZ 00408410 f i readersd:livingstone_reader.obj
 0001:00007510       ??0L2_file_translator@@IAE@PBVL2_file@@PAV1@@Z 00408510 f i readersd:livingstone_reader.obj
 0001:00007650       ??_GL2_file_translator@@UAEPAXI@Z 00408650 f i readersd:livingstone_reader.obj
 0001:00007650       ??_EL2_file_translator@@UAEPAXI@Z 00408650 f i readersd:livingstone_reader.obj
 0001:000076b0       ??_Gxlate_merge_eq_vars@@UAEPAXI@Z 004086b0 f i readersd:livingstone_reader.obj
 0001:000076b0       ??_Exlate_merge_eq_vars@@UAEPAXI@Z 004086b0 f i readersd:livingstone_reader.obj
 0001:00007710       ?merge_eq_vars@Livingstone_reader@@QAE_NAAV?$Hash_table@VMBA_string@@V1@@@AAV?$Array@VMBA_string@@$00@@@Z 00408710 f   readersd:livingstone_reader.obj
 0001:000077e0       ?strip@Livingstone_reader@@QAE_NXZ 004087e0 f   readersd:livingstone_reader.obj
 0001:00007880       ??0xlate_strip@@QAE@PBVL2_file@@PAV1@@Z 00408880 f i readersd:livingstone_reader.obj
 0001:000078d0       ??_Gxlate_strip@@UAEPAXI@Z 004088d0 f i readersd:livingstone_reader.obj
 0001:000078d0       ??_Exlate_strip@@UAEPAXI@Z 004088d0 f i readersd:livingstone_reader.obj
 0001:00007930       ??1xlate_strip@@UAE@XZ     00408930 f i readersd:livingstone_reader.obj
 0001:00007970       ?remove_duplicates@Livingstone_reader@@QAE_NXZ 00408970 f   readersd:livingstone_reader.obj
 0001:00007a10       ??1xlate_remove_duplicates@@UAE@XZ 00408a10 f i readersd:livingstone_reader.obj
 0001:00007a50       ?sort_props@Livingstone_reader@@QAE_NXZ 00408a50 f   readersd:livingstone_reader.obj
 0001:00007af0       ??0xlate_sort_props@@QAE@PBVL2_file@@PAV1@@Z 00408af0 f i readersd:livingstone_reader.obj
 0001:00007b40       ??_Gxlate_sort_props@@UAEPAXI@Z 00408b40 f i readersd:livingstone_reader.obj
 0001:00007b40       ??_Exlate_sort_props@@UAEPAXI@Z 00408b40 f i readersd:livingstone_reader.obj
 0001:00007ba0       ??1xlate_sort_props@@UAE@XZ 00408ba0 f i readersd:livingstone_reader.obj
 0001:00007be0       ??0?$Slist@PAVL2_file@@@@QAE@XZ 00408be0 f i readersd:livingstone_reader.obj
 0001:00007c20       ??1?$Slist@PAVL2_file@@@@QAE@XZ 00408c20 f i readersd:livingstone_reader.obj
 0001:00007c60       ?empty@?$Slist@PAVL2_file@@@@QBE_NXZ 00408c60 f i readersd:livingstone_reader.obj
 0001:00007ca0       ?push_front@?$Slist@PAVL2_file@@@@QAEXABQAVL2_file@@@Z 00408ca0 f i readersd:livingstone_reader.obj
 0001:00007d20       ?erase@?$Slist@PAVL2_file@@@@QAEXXZ 00408d20 f i readersd:livingstone_reader.obj
 0001:00007d80       ?front@?$Slist@PAVL2_file@@@@QAEAAPAVL2_file@@XZ 00408d80 f i readersd:livingstone_reader.obj
 0001:00007de0       ?begin@?$Slist@PAVL2_file@@@@QAE?AV?$Slist_iterator@PAVL2_file@@@@XZ 00408de0 f i readersd:livingstone_reader.obj
 0001:00007e30       ?end@?$Slist@PAVL2_file@@@@QAE?AV?$Slist_iterator@PAVL2_file@@@@XZ 00408e30 f i readersd:livingstone_reader.obj
 0001:00007e80       ??0?$Hash_table@PBVL2rEnumeration@@PBV1@@@QAE@P6AIABQBVL2rEnumeration@@@Z@Z 00408e80 f i readersd:livingstone_reader.obj
 0001:00007ef0       ??1?$Hash_table@PBVL2rEnumeration@@PBV1@@@QAE@XZ 00408ef0 f i readersd:livingstone_reader.obj
 0001:00007f40       ??0?$Hash_table@PBVL2rEnumeration@@V?$Slist@PBVL2rEnumeration@@@@@@QAE@P6AIABQBVL2rEnumeration@@@Z@Z 00408f40 f i readersd:livingstone_reader.obj
 0001:00007fb0       ??1?$Hash_table@PBVL2rEnumeration@@V?$Slist@PBVL2rEnumeration@@@@@@QAE@XZ 00408fb0 f i readersd:livingstone_reader.obj
 0001:00008000       ??0?$Hash_table@PBVL2rVariable@@PBV1@@@QAE@P6AIABQBVL2rVariable@@@Z@Z 00409000 f i readersd:livingstone_reader.obj
 0001:00008070       ??1?$Hash_table@PBVL2rVariable@@PBV1@@@QAE@XZ 00409070 f i readersd:livingstone_reader.obj
 0001:000080c0       ??0?$Hash_table@PBVL2rVariable@@V?$Slist@PBVL2rVariable@@@@@@QAE@P6AIABQBVL2rVariable@@@Z@Z 004090c0 f i readersd:livingstone_reader.obj
 0001:00008130       ??1?$Hash_table@PBVL2rVariable@@V?$Slist@PBVL2rVariable@@@@@@QAE@XZ 00409130 f i readersd:livingstone_reader.obj
 0001:00008180       ??0?$Hash_table@PBVL2rProposition@@PBV1@@@QAE@P6AIABQBVL2rProposition@@@Z@Z 00409180 f i readersd:livingstone_reader.obj
 0001:000081f0       ??1?$Hash_table@PBVL2rProposition@@PBV1@@@QAE@XZ 004091f0 f i readersd:livingstone_reader.obj
 0001:00008240       ??0?$Hash_table@PBVL2rProposition@@V?$Slist@PBVL2rProposition@@@@@@QAE@P6AIABQBVL2rProposition@@@Z@Z 00409240 f i readersd:livingstone_reader.obj
 0001:000082b0       ??1?$Hash_table@PBVL2rProposition@@V?$Slist@PBVL2rProposition@@@@@@QAE@XZ 004092b0 f i readersd:livingstone_reader.obj
 0001:00008300       ??0?$Hash_table@PBVL2rClause@@PBV1@@@QAE@P6AIABQBVL2rClause@@@Z@Z 00409300 f i readersd:livingstone_reader.obj
 0001:00008370       ??1?$Hash_table@PBVL2rClause@@PBV1@@@QAE@XZ 00409370 f i readersd:livingstone_reader.obj
 0001:000083c0       ??0?$Hash_table@PBVL2rClause@@V?$Slist@PBVL2rClause@@@@@@QAE@P6AIABQBVL2rClause@@@Z@Z 004093c0 f i readersd:livingstone_reader.obj
 0001:00008430       ??1?$Hash_table@PBVL2rClause@@V?$Slist@PBVL2rClause@@@@@@QAE@XZ 00409430 f i readersd:livingstone_reader.obj
 0001:00008480       ??0?$Slist@PAVEqClass@xlate_merge_eq_vars@@@@QAE@XZ 00409480 f i readersd:livingstone_reader.obj
 0001:000084c0       ??1?$Slist@PAVEqClass@xlate_merge_eq_vars@@@@QAE@XZ 004094c0 f i readersd:livingstone_reader.obj
 0001:00008500       ??0?$Hash_table@VMBA_string@@V1@@@QAE@P6AIABVMBA_string@@@Z@Z 00409500 f i readersd:livingstone_reader.obj
 0001:00008570       ??1?$Hash_table@VMBA_string@@V1@@@QAE@XZ 00409570 f i readersd:livingstone_reader.obj
 0001:000085c0       ??0?$Array@VMBA_string@@$00@@QAE@XZ 004095c0 f i readersd:livingstone_reader.obj
 0001:00008610       ??E?$Slist_iterator@PAVL2_file@@@@QAEAAV0@XZ 00409610 f i readersd:livingstone_reader.obj
 0001:00008660       ??D?$Slist_iterator@PAVL2_file@@@@QAEAAPAVL2_file@@XZ 00409660 f i readersd:livingstone_reader.obj
 0001:000086b0       ??9?$Slist_iterator@PAVL2_file@@@@QBE_NABV0@@Z 004096b0 f i readersd:livingstone_reader.obj
 0001:000086f0       ?erase@?$Slist@PAVEqClass@xlate_merge_eq_vars@@@@QAEXXZ 004096f0 f i readersd:livingstone_reader.obj
 0001:00008750       ??0?$Slist_iterator@PAVL2_file@@@@QAE@PAV?$Slist_item@PAVL2_file@@@@@Z 00409750 f i readersd:livingstone_reader.obj
 0001:00008790       ??0?$Slist_item@PAVL2_file@@@@QAE@ABQAVL2_file@@PAV0@@Z 00409790 f i readersd:livingstone_reader.obj
 0001:000087e0       ?delete_list@?$Slist_item@PAVL2_file@@@@QAEXXZ 004097e0 f i readersd:livingstone_reader.obj
 0001:00008860       ??_G?$Slist_item@PAVL2_file@@@@QAEPAXI@Z 00409860 f i readersd:livingstone_reader.obj
 0001:000088c0       ??1?$Slist_item@PAVL2_file@@@@QAE@XZ 004098c0 f i readersd:livingstone_reader.obj
 0001:00008900       ?delete_list@?$Slist_item@PAVEqClass@xlate_merge_eq_vars@@@@QAEXXZ 00409900 f i readersd:livingstone_reader.obj
 0001:00008980       ??_G?$Slist_item@PAVEqClass@xlate_merge_eq_vars@@@@QAEPAXI@Z 00409980 f i readersd:livingstone_reader.obj
 0001:000089e0       ??1?$Slist_item@PAVEqClass@xlate_merge_eq_vars@@@@QAE@XZ 004099e0 f i readersd:livingstone_reader.obj
 0001:00008a20       ?hash_integral_key@@YAIABQBVL2rEnumeration@@@Z 00409a20 f i readersd:livingstone_reader.obj
 0001:00008a50       ?hash_integral_key@@YAIABQBVL2rVariable@@@Z 00409a50 f i readersd:livingstone_reader.obj
 0001:00008a80       ?hash_integral_key@@YAIABQBVL2rProposition@@@Z 00409a80 f i readersd:livingstone_reader.obj
 0001:00008ab0       ?hash_integral_key@@YAIABQBVL2rClause@@@Z 00409ab0 f i readersd:livingstone_reader.obj
 0001:00008ae0       ?L2_initialize_array@@YAPAV?$Slist@U?$MBApair@QBVL2rEnumeration@@QBV1@@@@@PAV1@I@Z 00409ae0 f i readersd:livingstone_reader.obj
 0001:00008b90       ?L2_free_array@@YAXPAV?$Slist@U?$MBApair@QBVL2rEnumeration@@QBV1@@@@@I@Z 00409b90 f i readersd:livingstone_reader.obj
 0001:00008c40       ?L2_initialize_array@@YAPAV?$Slist@U?$MBApair@QBVL2rEnumeration@@$$CBV?$Slist@PBVL2rEnumeration@@@@@@@@PAV1@I@Z 00409c40 f i readersd:livingstone_reader.obj
 0001:00008cf0       ?L2_free_array@@YAXPAV?$Slist@U?$MBApair@QBVL2rEnumeration@@$$CBV?$Slist@PBVL2rEnumeration@@@@@@@@I@Z 00409cf0 f i readersd:livingstone_reader.obj
 0001:00008da0       ?L2_initialize_array@@YAPAV?$Slist@U?$MBApair@QBVL2rVariable@@QBV1@@@@@PAV1@I@Z 00409da0 f i readersd:livingstone_reader.obj
 0001:00008e50       ?L2_free_array@@YAXPAV?$Slist@U?$MBApair@QBVL2rVariable@@QBV1@@@@@I@Z 00409e50 f i readersd:livingstone_reader.obj
 0001:00008f00       ?L2_initialize_array@@YAPAV?$Slist@U?$MBApair@QBVL2rVariable@@$$CBV?$Slist@PBVL2rVariable@@@@@@@@PAV1@I@Z 00409f00 f i readersd:livingstone_reader.obj
 0001:00008fb0       ?L2_free_array@@YAXPAV?$Slist@U?$MBApair@QBVL2rVariable@@$$CBV?$Slist@PBVL2rVariable@@@@@@@@I@Z 00409fb0 f i readersd:livingstone_reader.obj
 0001:00009060       ?L2_initialize_array@@YAPAV?$Slist@U?$MBApair@QBVL2rProposition@@QBV1@@@@@PAV1@I@Z 0040a060 f i readersd:livingstone_reader.obj
 0001:00009110       ?L2_free_array@@YAXPAV?$Slist@U?$MBApair@QBVL2rProposition@@QBV1@@@@@I@Z 0040a110 f i readersd:livingstone_reader.obj
 0001:000091c0       ?L2_initialize_array@@YAPAV?$Slist@U?$MBApair@QBVL2rProposition@@$$CBV?$Slist@PBVL2rProposition@@@@@@@@PAV1@I@Z 0040a1c0 f i readersd:livingstone_reader.obj
 0001:00009270       ?L2_free_array@@YAXPAV?$Slist@U?$MBApair@QBVL2rProposition@@$$CBV?$Slist@PBVL2rProposition@@@@@@@@I@Z 0040a270 f i readersd:livingstone_reader.obj
 0001:00009320       ?L2_initialize_array@@YAPAV?$Slist@U?$MBApair@QBVL2rClause@@QBV1@@@@@PAV1@I@Z 0040a320 f i readersd:livingstone_reader.obj
 0001:000093d0       ?L2_free_array@@YAXPAV?$Slist@U?$MBApair@QBVL2rClause@@QBV1@@@@@I@Z 0040a3d0 f i readersd:livingstone_reader.obj
 0001:00009480       ?L2_initialize_array@@YAPAV?$Slist@U?$MBApair@QBVL2rClause@@$$CBV?$Slist@PBVL2rClause@@@@@@@@PAV1@I@Z 0040a480 f i readersd:livingstone_reader.obj
 0001:00009530       ?L2_free_array@@YAXPAV?$Slist@U?$MBApair@QBVL2rClause@@$$CBV?$Slist@PBVL2rClause@@@@@@@@I@Z 0040a530 f i readersd:livingstone_reader.obj
 0001:000095e0       ?L2_initialize_array@@YAPAV?$Slist@U?$MBApair@$$CBVMBA_string@@$$CBV1@@@@@PAV1@I@Z 0040a5e0 f i readersd:livingstone_reader.obj
 0001:00009690       ?L2_free_array@@YAXPAV?$Slist@U?$MBApair@$$CBVMBA_string@@$$CBV1@@@@@I@Z 0040a690 f i readersd:livingstone_reader.obj
 0001:00009740       ??_G?$Slist@U?$MBApair@QBVL2rEnumeration@@QBV1@@@@@QAEPAXI@Z 0040a740 f i readersd:livingstone_reader.obj
 0001:000097a0       ??_G?$Slist@U?$MBApair@QBVL2rEnumeration@@$$CBV?$Slist@PBVL2rEnumeration@@@@@@@@QAEPAXI@Z 0040a7a0 f i readersd:livingstone_reader.obj
 0001:00009800       ??_G?$Slist@U?$MBApair@QBVL2rVariable@@QBV1@@@@@QAEPAXI@Z 0040a800 f i readersd:livingstone_reader.obj
 0001:00009860       ??_G?$Slist@U?$MBApair@QBVL2rVariable@@$$CBV?$Slist@PBVL2rVariable@@@@@@@@QAEPAXI@Z 0040a860 f i readersd:livingstone_reader.obj
 0001:000098c0       ??_G?$Slist@U?$MBApair@QBVL2rProposition@@QBV1@@@@@QAEPAXI@Z 0040a8c0 f i readersd:livingstone_reader.obj
 0001:00009920       ??_G?$Slist@U?$MBApair@QBVL2rProposition@@$$CBV?$Slist@PBVL2rProposition@@@@@@@@QAEPAXI@Z 0040a920 f i readersd:livingstone_reader.obj
 0001:00009980       ??_G?$Slist@U?$MBApair@QBVL2rClause@@QBV1@@@@@QAEPAXI@Z 0040a980 f i readersd:livingstone_reader.obj
 0001:000099e0       ??_G?$Slist@U?$MBApair@QBVL2rClause@@$$CBV?$Slist@PBVL2rClause@@@@@@@@QAEPAXI@Z 0040a9e0 f i readersd:livingstone_reader.obj
 0001:00009a40       ??_G?$Slist@U?$MBApair@$$CBVMBA_string@@$$CBV1@@@@@QAEPAXI@Z 0040aa40 f i readersd:livingstone_reader.obj
 0001:00009aa0       ??0?$Slist@U?$MBApair@QBVL2rEnumeration@@QBV1@@@@@QAE@XZ 0040aaa0 f i readersd:livingstone_reader.obj
 0001:00009ae0       ??1?$Slist@U?$MBApair@QBVL2rEnumeration@@QBV1@@@@@QAE@XZ 0040aae0 f i readersd:livingstone_reader.obj
 0001:00009b20       ??0?$Slist@U?$MBApair@QBVL2rEnumeration@@$$CBV?$Slist@PBVL2rEnumeration@@@@@@@@QAE@XZ 0040ab20 f i readersd:livingstone_reader.obj
 0001:00009b60       ??1?$Slist@U?$MBApair@QBVL2rEnumeration@@$$CBV?$Slist@PBVL2rEnumeration@@@@@@@@QAE@XZ 0040ab60 f i readersd:livingstone_reader.obj
 0001:00009ba0       ??0?$Slist@U?$MBApair@QBVL2rVariable@@QBV1@@@@@QAE@XZ 0040aba0 f i readersd:livingstone_reader.obj
 0001:00009be0       ??1?$Slist@U?$MBApair@QBVL2rVariable@@QBV1@@@@@QAE@XZ 0040abe0 f i readersd:livingstone_reader.obj
 0001:00009c20       ??0?$Slist@U?$MBApair@QBVL2rVariable@@$$CBV?$Slist@PBVL2rVariable@@@@@@@@QAE@XZ 0040ac20 f i readersd:livingstone_reader.obj
 0001:00009c60       ??1?$Slist@U?$MBApair@QBVL2rVariable@@$$CBV?$Slist@PBVL2rVariable@@@@@@@@QAE@XZ 0040ac60 f i readersd:livingstone_reader.obj
 0001:00009ca0       ??0?$Slist@U?$MBApair@QBVL2rProposition@@QBV1@@@@@QAE@XZ 0040aca0 f i readersd:livingstone_reader.obj
 0001:00009ce0       ??1?$Slist@U?$MBApair@QBVL2rProposition@@QBV1@@@@@QAE@XZ 0040ace0 f i readersd:livingstone_reader.obj
 0001:00009d20       ??0?$Slist@U?$MBApair@QBVL2rProposition@@$$CBV?$Slist@PBVL2rProposition@@@@@@@@QAE@XZ 0040ad20 f i readersd:livingstone_reader.obj
 0001:00009d60       ??1?$Slist@U?$MBApair@QBVL2rProposition@@$$CBV?$Slist@PBVL2rProposition@@@@@@@@QAE@XZ 0040ad60 f i readersd:livingstone_reader.obj
 0001:00009da0       ??0?$Slist@U?$MBApair@QBVL2rClause@@QBV1@@@@@QAE@XZ 0040ada0 f i readersd:livingstone_reader.obj
 0001:00009de0       ??1?$Slist@U?$MBApair@QBVL2rClause@@QBV1@@@@@QAE@XZ 0040ade0 f i readersd:livingstone_reader.obj
 0001:00009e20       ??0?$Slist@U?$MBApair@QBVL2rClause@@$$CBV?$Slist@PBVL2rClause@@@@@@@@QAE@XZ 0040ae20 f i readersd:livingstone_reader.obj
 0001:00009e60       ??1?$Slist@U?$MBApair@QBVL2rClause@@$$CBV?$Slist@PBVL2rClause@@@@@@@@QAE@XZ 0040ae60 f i readersd:livingstone_reader.obj
 0001:00009ea0       ??0?$Slist@U?$MBApair@$$CBVMBA_string@@$$CBV1@@@@@QAE@XZ 0040aea0 f i readersd:livingstone_reader.obj
 0001:00009ee0       ??1?$Slist@U?$MBApair@$$CBVMBA_string@@$$CBV1@@@@@QAE@XZ 0040aee0 f i readersd:livingstone_reader.obj
 0001:00009f20       ?erase@?$Slist@U?$MBApair@QBVL2rEnumeration@@QBV1@@@@@QAEXXZ 0040af20 f i readersd:livingstone_reader.obj
 0001:00009f80       ?erase@?$Slist@U?$MBApair@QBVL2rEnumeration@@$$CBV?$Slist@PBVL2rEnumeration@@@@@@@@QAEXXZ 0040af80 f i readersd:livingstone_reader.obj
 0001:00009fe0       ?erase@?$Slist@U?$MBApair@QBVL2rVariable@@QBV1@@@@@QAEXXZ 0040afe0 f i readersd:livingstone_reader.obj
 0001:0000a040       ?erase@?$Slist@U?$MBApair@QBVL2rVariable@@$$CBV?$Slist@PBVL2rVariable@@@@@@@@QAEXXZ 0040b040 f i readersd:livingstone_reader.obj
 0001:0000a0a0       ?erase@?$Slist@U?$MBApair@QBVL2rProposition@@QBV1@@@@@QAEXXZ 0040b0a0 f i readersd:livingstone_reader.obj
 0001:0000a100       ?erase@?$Slist@U?$MBApair@QBVL2rProposition@@$$CBV?$Slist@PBVL2rProposition@@@@@@@@QAEXXZ 0040b100 f i readersd:livingstone_reader.obj
 0001:0000a160       ?erase@?$Slist@U?$MBApair@QBVL2rClause@@QBV1@@@@@QAEXXZ 0040b160 f i readersd:livingstone_reader.obj
 0001:0000a1c0       ?erase@?$Slist@U?$MBApair@QBVL2rClause@@$$CBV?$Slist@PBVL2rClause@@@@@@@@QAEXXZ 0040b1c0 f i readersd:livingstone_reader.obj
 0001:0000a220       ?erase@?$Slist@U?$MBApair@$$CBVMBA_string@@$$CBV1@@@@@QAEXXZ 0040b220 f i readersd:livingstone_reader.obj
 0001:0000a280       ?delete_list@?$Slist_item@U?$MBApair@$$CBVMBA_string@@$$CBV1@@@@@QAEXXZ 0040b280 f i readersd:livingstone_reader.obj
 0001:0000a300       ?delete_list@?$Slist_item@U?$MBApair@QBVL2rEnumeration@@QBV1@@@@@QAEXXZ 0040b300 f i readersd:livingstone_reader.obj
 0001:0000a380       ?delete_list@?$Slist_item@U?$MBApair@QBVL2rEnumeration@@$$CBV?$Slist@PBVL2rEnumeration@@@@@@@@QAEXXZ 0040b380 f i readersd:livingstone_reader.obj
 0001:0000a400       ?delete_list@?$Slist_item@U?$MBApair@QBVL2rVariable@@QBV1@@@@@QAEXXZ 0040b400 f i readersd:livingstone_reader.obj
 0001:0000a480       ?delete_list@?$Slist_item@U?$MBApair@QBVL2rVariable@@$$CBV?$Slist@PBVL2rVariable@@@@@@@@QAEXXZ 0040b480 f i readersd:livingstone_reader.obj
 0001:0000a500       ?delete_list@?$Slist_item@U?$MBApair@QBVL2rProposition@@QBV1@@@@@QAEXXZ 0040b500 f i readersd:livingstone_reader.obj
 0001:0000a580       ?delete_list@?$Slist_item@U?$MBApair@QBVL2rProposition@@$$CBV?$Slist@PBVL2rProposition@@@@@@@@QAEXXZ 0040b580 f i readersd:livingstone_reader.obj
 0001:0000a600       ?delete_list@?$Slist_item@U?$MBApair@QBVL2rClause@@QBV1@@@@@QAEXXZ 0040b600 f i readersd:livingstone_reader.obj
 0001:0000a680       ?delete_list@?$Slist_item@U?$MBApair@QBVL2rClause@@$$CBV?$Slist@PBVL2rClause@@@@@@@@QAEXXZ 0040b680 f i readersd:livingstone_reader.obj
 0001:0000a700       ??_G?$Slist_item@U?$MBApair@$$CBVMBA_string@@$$CBV1@@@@@QAEPAXI@Z 0040b700 f i readersd:livingstone_reader.obj
 0001:0000a760       ??_G?$Slist_item@U?$MBApair@QBVL2rEnumeration@@QBV1@@@@@QAEPAXI@Z 0040b760 f i readersd:livingstone_reader.obj
 0001:0000a7c0       ??_G?$Slist_item@U?$MBApair@QBVL2rEnumeration@@$$CBV?$Slist@PBVL2rEnumeration@@@@@@@@QAEPAXI@Z 0040b7c0 f i readersd:livingstone_reader.obj
 0001:0000a820       ??_G?$Slist_item@U?$MBApair@QBVL2rVariable@@QBV1@@@@@QAEPAXI@Z 0040b820 f i readersd:livingstone_reader.obj
 0001:0000a880       ??_G?$Slist_item@U?$MBApair@QBVL2rVariable@@$$CBV?$Slist@PBVL2rVariable@@@@@@@@QAEPAXI@Z 0040b880 f i readersd:livingstone_reader.obj
 0001:0000a8e0       ??_G?$Slist_item@U?$MBApair@QBVL2rProposition@@QBV1@@@@@QAEPAXI@Z 0040b8e0 f i readersd:livingstone_reader.obj
 0001:0000a940       ??_G?$Slist_item@U?$MBApair@QBVL2rProposition@@$$CBV?$Slist@PBVL2rProposition@@@@@@@@QAEPAXI@Z 0040b940 f i readersd:livingstone_reader.obj
 0001:0000a9a0       ??_G?$Slist_item@U?$MBApair@QBVL2rClause@@QBV1@@@@@QAEPAXI@Z 0040b9a0 f i readersd:livingstone_reader.obj
 0001:0000aa00       ??_G?$Slist_item@U?$MBApair@QBVL2rClause@@$$CBV?$Slist@PBVL2rClause@@@@@@@@QAEPAXI@Z 0040ba00 f i readersd:livingstone_reader.obj
 0001:0000aa60       ??1?$Slist_item@U?$MBApair@$$CBVMBA_string@@$$CBV1@@@@@QAE@XZ 0040ba60 f i readersd:livingstone_reader.obj
 0001:0000aad0       ??1?$MBApair@$$CBVMBA_string@@$$CBV1@@@QAE@XZ 0040bad0 f i readersd:livingstone_reader.obj
 0001:0000ab40       ??1?$Slist_item@U?$MBApair@QBVL2rEnumeration@@QBV1@@@@@QAE@XZ 0040bb40 f i readersd:livingstone_reader.obj
 0001:0000ab80       ??1?$Slist_item@U?$MBApair@QBVL2rEnumeration@@$$CBV?$Slist@PBVL2rEnumeration@@@@@@@@QAE@XZ 0040bb80 f i readersd:livingstone_reader.obj
 0001:0000abf0       ??1?$Slist_item@U?$MBApair@QBVL2rVariable@@QBV1@@@@@QAE@XZ 0040bbf0 f i readersd:livingstone_reader.obj
 0001:0000ac30       ??1?$Slist_item@U?$MBApair@QBVL2rVariable@@$$CBV?$Slist@PBVL2rVariable@@@@@@@@QAE@XZ 0040bc30 f i readersd:livingstone_reader.obj
 0001:0000aca0       ??1?$Slist_item@U?$MBApair@QBVL2rProposition@@QBV1@@@@@QAE@XZ 0040bca0 f i readersd:livingstone_reader.obj
 0001:0000ace0       ??1?$Slist_item@U?$MBApair@QBVL2rProposition@@$$CBV?$Slist@PBVL2rProposition@@@@@@@@QAE@XZ 0040bce0 f i readersd:livingstone_reader.obj
 0001:0000ad50       ??1?$Slist_item@U?$MBApair@QBVL2rClause@@QBV1@@@@@QAE@XZ 0040bd50 f i readersd:livingstone_reader.obj
 0001:0000ad90       ??1?$Slist_item@U?$MBApair@QBVL2rClause@@$$CBV?$Slist@PBVL2rClause@@@@@@@@QAE@XZ 0040bd90 f i readersd:livingstone_reader.obj
 0001:0000ae00       ??1?$MBApair@QBVL2rEnumeration@@$$CBV?$Slist@PBVL2rEnumeration@@@@@@QAE@XZ 0040be00 f i readersd:livingstone_reader.obj
 0001:0000ae40       ??1?$MBApair@QBVL2rVariable@@$$CBV?$Slist@PBVL2rVariable@@@@@@QAE@XZ 0040be40 f i readersd:livingstone_reader.obj
 0001:0000ae80       ??1?$MBApair@QBVL2rProposition@@$$CBV?$Slist@PBVL2rProposition@@@@@@QAE@XZ 0040be80 f i readersd:livingstone_reader.obj
 0001:0000aec0       ??1?$MBApair@QBVL2rClause@@$$CBV?$Slist@PBVL2rClause@@@@@@QAE@XZ 0040bec0 f i readersd:livingstone_reader.obj
 0001:0000af00       ??1?$Slist@PBVL2rEnumeration@@@@QAE@XZ 0040bf00 f i readersd:livingstone_reader.obj
 0001:0000af40       ??1?$Slist@PBVL2rVariable@@@@QAE@XZ 0040bf40 f i readersd:livingstone_reader.obj
 0001:0000af80       ??1?$Slist@PBVL2rProposition@@@@QAE@XZ 0040bf80 f i readersd:livingstone_reader.obj
 0001:0000afc0       ??1?$Slist@PBVL2rClause@@@@QAE@XZ 0040bfc0 f i readersd:livingstone_reader.obj
 0001:0000b000       ?erase@?$Slist@PBVL2rEnumeration@@@@QAEXXZ 0040c000 f i readersd:livingstone_reader.obj
 0001:0000b060       ?erase@?$Slist@PBVL2rVariable@@@@QAEXXZ 0040c060 f i readersd:livingstone_reader.obj
 0001:0000b0c0       ?erase@?$Slist@PBVL2rProposition@@@@QAEXXZ 0040c0c0 f i readersd:livingstone_reader.obj
 0001:0000b120       ?erase@?$Slist@PBVL2rClause@@@@QAEXXZ 0040c120 f i readersd:livingstone_reader.obj
 0001:0000b180       ?delete_list@?$Slist_item@PBVL2rEnumeration@@@@QAEXXZ 0040c180 f i readersd:livingstone_reader.obj
 0001:0000b200       ?delete_list@?$Slist_item@PBVL2rVariable@@@@QAEXXZ 0040c200 f i readersd:livingstone_reader.obj
 0001:0000b280       ?delete_list@?$Slist_item@PBVL2rProposition@@@@QAEXXZ 0040c280 f i readersd:livingstone_reader.obj
 0001:0000b300       ?delete_list@?$Slist_item@PBVL2rClause@@@@QAEXXZ 0040c300 f i readersd:livingstone_reader.obj
 0001:0000b380       ??_G?$Slist_item@PBVL2rEnumeration@@@@QAEPAXI@Z 0040c380 f i readersd:livingstone_reader.obj
 0001:0000b3e0       ??_G?$Slist_item@PBVL2rVariable@@@@QAEPAXI@Z 0040c3e0 f i readersd:livingstone_reader.obj
 0001:0000b440       ??_G?$Slist_item@PBVL2rProposition@@@@QAEPAXI@Z 0040c440 f i readersd:livingstone_reader.obj
 0001:0000b4a0       ??_G?$Slist_item@PBVL2rClause@@@@QAEPAXI@Z 0040c4a0 f i readersd:livingstone_reader.obj
 0001:0000b500       ??1?$Slist_item@PBVL2rEnumeration@@@@QAE@XZ 0040c500 f i readersd:livingstone_reader.obj
 0001:0000b540       ??1?$Slist_item@PBVL2rVariable@@@@QAE@XZ 0040c540 f i readersd:livingstone_reader.obj
 0001:0000b580       ??1?$Slist_item@PBVL2rProposition@@@@QAE@XZ 0040c580 f i readersd:livingstone_reader.obj
 0001:0000b5c0       ??1?$Slist_item@PBVL2rClause@@@@QAE@XZ 0040c5c0 f i readersd:livingstone_reader.obj
 0001:0000b600       ??0?$Slist@U?$MBApair@$$CBVMBA_string@@$$CBV1@@@@@QAE@ABV0@@Z 0040c600 f i readersd:livingstone_reader.obj
 0001:0000b700       ??0?$Slist@U?$MBApair@QBVL2rEnumeration@@QBV1@@@@@QAE@ABV0@@Z 0040c700 f i readersd:livingstone_reader.obj
 0001:0000b800       ?L2_free_array_no_dtor@@YAXPAV?$Slist@U?$MBApair@QBVL2rEnumeration@@QBV1@@@@@I@Z 0040c800 f i readersd:livingstone_reader.obj
 0001:0000b840       ??0?$Slist@U?$MBApair@QBVL2rEnumeration@@$$CBV?$Slist@PBVL2rEnumeration@@@@@@@@QAE@ABV0@@Z 0040c840 f i readersd:livingstone_reader.obj
 0001:0000b940       ?L2_free_array_no_dtor@@YAXPAV?$Slist@U?$MBApair@QBVL2rEnumeration@@$$CBV?$Slist@PBVL2rEnumeration@@@@@@@@I@Z 0040c940 f i readersd:livingstone_reader.obj
 0001:0000b980       ??0?$Slist@U?$MBApair@QBVL2rVariable@@QBV1@@@@@QAE@ABV0@@Z 0040c980 f i readersd:livingstone_reader.obj
 0001:0000ba80       ?L2_free_array_no_dtor@@YAXPAV?$Slist@U?$MBApair@QBVL2rVariable@@QBV1@@@@@I@Z 0040ca80 f i readersd:livingstone_reader.obj
 0001:0000bac0       ??0?$Slist@U?$MBApair@QBVL2rVariable@@$$CBV?$Slist@PBVL2rVariable@@@@@@@@QAE@ABV0@@Z 0040cac0 f i readersd:livingstone_reader.obj
 0001:0000bbc0       ?L2_free_array_no_dtor@@YAXPAV?$Slist@U?$MBApair@QBVL2rVariable@@$$CBV?$Slist@PBVL2rVariable@@@@@@@@I@Z 0040cbc0 f i readersd:livingstone_reader.obj
 0001:0000bc00       ??0?$Slist@U?$MBApair@QBVL2rProposition@@QBV1@@@@@QAE@ABV0@@Z 0040cc00 f i readersd:livingstone_reader.obj
 0001:0000bd00       ?L2_free_array_no_dtor@@YAXPAV?$Slist@U?$MBApair@QBVL2rProposition@@QBV1@@@@@I@Z 0040cd00 f i readersd:livingstone_reader.obj
 0001:0000bd40       ??0?$Slist@U?$MBApair@QBVL2rProposition@@$$CBV?$Slist@PBVL2rProposition@@@@@@@@QAE@ABV0@@Z 0040cd40 f i readersd:livingstone_reader.obj
 0001:0000be40       ?L2_free_array_no_dtor@@YAXPAV?$Slist@U?$MBApair@QBVL2rProposition@@$$CBV?$Slist@PBVL2rProposition@@@@@@@@I@Z 0040ce40 f i readersd:livingstone_reader.obj
 0001:0000be80       ??0?$Slist@U?$MBApair@QBVL2rClause@@QBV1@@@@@QAE@ABV0@@Z 0040ce80 f i readersd:livingstone_reader.obj
 0001:0000bf80       ?L2_free_array_no_dtor@@YAXPAV?$Slist@U?$MBApair@QBVL2rClause@@QBV1@@@@@I@Z 0040cf80 f i readersd:livingstone_reader.obj
 0001:0000bfc0       ??0?$Slist@U?$MBApair@QBVL2rClause@@$$CBV?$Slist@PBVL2rClause@@@@@@@@QAE@ABV0@@Z 0040cfc0 f i readersd:livingstone_reader.obj
 0001:0000c0c0       ?L2_free_array_no_dtor@@YAXPAV?$Slist@U?$MBApair@QBVL2rClause@@$$CBV?$Slist@PBVL2rClause@@@@@@@@I@Z 0040d0c0 f i readersd:livingstone_reader.obj
 0001:0000c100       ?L2_free_array_no_dtor@@YAXPAV?$Slist@U?$MBApair@$$CBVMBA_string@@$$CBV1@@@@@I@Z 0040d100 f i readersd:livingstone_reader.obj
 0001:0000c1c0       ??0?$Slist_item@U?$MBApair@$$CBVMBA_string@@$$CBV1@@@@@QAE@ABU?$MBApair@$$CBVMBA_string@@$$CBV1@@@@Z 0040d1c0 f i readersd:livingstone_reader.obj
 0001:0000c240       ??0?$MBApair@$$CBVMBA_string@@$$CBV1@@@QAE@ABU0@@Z 0040d240 f i readersd:livingstone_reader.obj
 0001:0000c2c0       ??0?$Slist_item@U?$MBApair@QBVL2rEnumeration@@QBV1@@@@@QAE@ABU?$MBApair@QBVL2rEnumeration@@QBV1@@@@Z 0040d2c0 f i readersd:livingstone_reader.obj
 0001:0000c320       ??0?$Slist_item@U?$MBApair@QBVL2rEnumeration@@$$CBV?$Slist@PBVL2rEnumeration@@@@@@@@QAE@ABU?$MBApair@QBVL2rEnumeration@@$$CBV?$Slist@PBVL2rEnumeration@@@@@@@Z 0040d320 f i readersd:livingstone_reader.obj
 0001:0000c3a0       ??0?$Slist_item@U?$MBApair@QBVL2rVariable@@QBV1@@@@@QAE@ABU?$MBApair@QBVL2rVariable@@QBV1@@@@Z 0040d3a0 f i readersd:livingstone_reader.obj
 0001:0000c400       ??0?$Slist_item@U?$MBApair@QBVL2rVariable@@$$CBV?$Slist@PBVL2rVariable@@@@@@@@QAE@ABU?$MBApair@QBVL2rVariable@@$$CBV?$Slist@PBVL2rVariable@@@@@@@Z 0040d400 f i readersd:livingstone_reader.obj
 0001:0000c480       ??0?$Slist_item@U?$MBApair@QBVL2rProposition@@QBV1@@@@@QAE@ABU?$MBApair@QBVL2rProposition@@QBV1@@@@Z 0040d480 f i readersd:livingstone_reader.obj
 0001:0000c4e0       ??0?$Slist_item@U?$MBApair@QBVL2rProposition@@$$CBV?$Slist@PBVL2rProposition@@@@@@@@QAE@ABU?$MBApair@QBVL2rProposition@@$$CBV?$Slist@PBVL2rProposition@@@@@@@Z 0040d4e0 f i readersd:livingstone_reader.obj
 0001:0000c560       ??0?$Slist_item@U?$MBApair@QBVL2rClause@@QBV1@@@@@QAE@ABU?$MBApair@QBVL2rClause@@QBV1@@@@Z 0040d560 f i readersd:livingstone_reader.obj
 0001:0000c5c0       ??0?$Slist_item@U?$MBApair@QBVL2rClause@@$$CBV?$Slist@PBVL2rClause@@@@@@@@QAE@ABU?$MBApair@QBVL2rClause@@$$CBV?$Slist@PBVL2rClause@@@@@@@Z 0040d5c0 f i readersd:livingstone_reader.obj
 0001:0000c640       ??0?$MBApair@QBVL2rEnumeration@@$$CBV?$Slist@PBVL2rEnumeration@@@@@@QAE@ABU0@@Z 0040d640 f i readersd:livingstone_reader.obj
 0001:0000c690       ??0?$MBApair@QBVL2rVariable@@$$CBV?$Slist@PBVL2rVariable@@@@@@QAE@ABU0@@Z 0040d690 f i readersd:livingstone_reader.obj
 0001:0000c6e0       ??0?$MBApair@QBVL2rProposition@@$$CBV?$Slist@PBVL2rProposition@@@@@@QAE@ABU0@@Z 0040d6e0 f i readersd:livingstone_reader.obj
 0001:0000c730       ??0?$MBApair@QBVL2rClause@@$$CBV?$Slist@PBVL2rClause@@@@@@QAE@ABU0@@Z 0040d730 f i readersd:livingstone_reader.obj
 0001:0000c780       ??0?$Slist@PBVL2rEnumeration@@@@QAE@ABV0@@Z 0040d780 f i readersd:livingstone_reader.obj
 0001:0000c880       ??0?$Slist@PBVL2rVariable@@@@QAE@ABV0@@Z 0040d880 f i readersd:livingstone_reader.obj
 0001:0000c980       ??0?$Slist@PBVL2rProposition@@@@QAE@ABV0@@Z 0040d980 f i readersd:livingstone_reader.obj
 0001:0000ca80       ??0?$Slist@PBVL2rClause@@@@QAE@ABV0@@Z 0040da80 f i readersd:livingstone_reader.obj
 0001:0000cb80       ??0?$Slist_item@PBVL2rEnumeration@@@@QAE@ABQBVL2rEnumeration@@@Z 0040db80 f i readersd:livingstone_reader.obj
 0001:0000cbd0       ??0?$Slist_item@PBVL2rVariable@@@@QAE@ABQBVL2rVariable@@@Z 0040dbd0 f i readersd:livingstone_reader.obj
 0001:0000cc20       ??0?$Slist_item@PBVL2rProposition@@@@QAE@ABQBVL2rProposition@@@Z 0040dc20 f i readersd:livingstone_reader.obj
 0001:0000cc70       ??0?$Slist_item@PBVL2rClause@@@@QAE@ABQBVL2rClause@@@Z 0040dc70 f i readersd:livingstone_reader.obj
 0001:0000cec0       ?find_enum@from_xmpl@@AAEPAVdbg_L2rEnumeration@@ABVMBA_string@@@Z 0040dec0 f   readersd:from_xmpl.obj
 0001:0000cff0       ??0L2_not_found_error@@QAE@VMBA_string@@@Z 0040dff0 f i readersd:from_xmpl.obj
 0001:0000d080       ??1L2_not_found_error@@QAE@XZ 0040e080 f i readersd:from_xmpl.obj
 0001:0000d0c0       ??0L2_not_found_error@@QAE@ABV0@@Z 0040e0c0 f i readersd:from_xmpl.obj
 0001:0000d100       ?create_enum@from_xmpl@@AAEPAVdbg_L2rEnumeration@@ABVMBA_string@@AAV?$Slist@VMBA_string@@@@@Z 0040e100 f   readersd:from_xmpl.obj
 0001:0000d360       ??0L2_reader_error@@QAE@VMBA_string@@@Z 0040e360 f i readersd:from_xmpl.obj
 0001:0000d3f0       ??1L2_reader_error@@QAE@XZ 0040e3f0 f i readersd:from_xmpl.obj
 0001:0000d430       ??0L2_reader_error@@QAE@ABV0@@Z 0040e430 f i readersd:from_xmpl.obj
 0001:0000d470       ?find_enum_member@from_xmpl@@AAEHPBVL2rEnumeration@@ABVMBA_string@@@Z 0040e470 f   readersd:from_xmpl.obj
 0001:0000d590       ??8MBA_string@@QBE_NABV0@@Z 0040e590 f i readersd:from_xmpl.obj
 0001:0000d600       ?compare@MBA_string@@QBEHABV1@@Z 0040e600 f i readersd:from_xmpl.obj
 0001:0000d650       ?nmembers@L2rEnumeration@@QBEIXZ 0040e650 f i readersd:from_xmpl.obj
 0001:0000d680       ?name@dbg_L2rEnumeration@@QBE?AVMBA_string@@I@Z 0040e680 f i readersd:from_xmpl.obj
 0001:0000d700       ?find_variable@from_xmpl@@AAEPAVL2rVariable@@ABVMBA_string@@_N@Z 0040e700 f   readersd:from_xmpl.obj
 0001:0000d860       ?create_variable@from_xmpl@@AAEPAVL2rVariable@@PBVdbg_L2rEnumeration@@ABVMBA_string@@@Z 0040e860 f   readersd:from_xmpl.obj
 0001:0000da00       ??0dbg_L2rVariable@@QAE@IPBVL2rEnumeration@@VMBA_string@@@Z 0040ea00 f i readersd:from_xmpl.obj
 0001:0000daa0       ??0L2rVariable@@QAE@IPBVL2rEnumeration@@@Z 0040eaa0 f i readersd:from_xmpl.obj
 0001:0000db20       ??1L2rVariable@@UAE@XZ     0040eb20 f i readersd:from_xmpl.obj
 0001:0000dbe0       ?kind@L2rVariable@@QBE?AW4VarKind@@XZ 0040ebe0 f i readersd:from_xmpl.obj
 0001:0000dc10       ?hasDebug@L2rVariable@@UBE_NXZ 0040ec10 f i readersd:from_xmpl.obj
 0001:0000dc40       ?toOStream_long@L2rVariable@@UBEXAAV?$basic_ostream@DU?$char_traits@D@std@@@std@@@Z 0040ec40 f i readersd:from_xmpl.obj
 0001:0000dd20       ??6@YAAAV?$basic_ostream@DU?$char_traits@D@std@@@std@@AAV01@PBVL2rEnumeration@@@Z 0040ed20 f i readersd:from_xmpl.obj
 0001:0000dd80       ?id@L2rVariable@@QBEIXZ    0040ed80 f i readersd:from_xmpl.obj
 0001:0000ddb0       ?type@L2rVariable@@QBEPBVL2rEnumeration@@XZ 0040edb0 f i readersd:from_xmpl.obj
 0001:0000dde0       ?initial@L2rVariable@@QBEHXZ 0040ede0 f i readersd:from_xmpl.obj
 0001:0000de10       ?toOStream@L2rVariable@@UBEXAAV?$basic_ostream@DU?$char_traits@D@std@@@std@@@Z 0040ee10 f i readersd:from_xmpl.obj
 0001:0000de50       ??_EL2rVariable@@UAEPAXI@Z 0040ee50 f i readersd:from_xmpl.obj
 0001:0000de50       ??_GL2rVariable@@UAEPAXI@Z 0040ee50 f i readersd:from_xmpl.obj
 0001:0000deb0       ??_GL2rMode@@QAEPAXI@Z     0040eeb0 f i readersd:from_xmpl.obj
 0001:0000df10       ?hasDebug@dbg_L2rVariable@@UBE_NXZ 0040ef10 f i readersd:from_xmpl.obj
 0001:0000df40       ?toOStream_long@dbg_L2rVariable@@UBEXAAV?$basic_ostream@DU?$char_traits@D@std@@@std@@@Z 0040ef40 f i readersd:from_xmpl.obj
 0001:0000e070       ?name@dbg_L2rVariable@@QBE?AVMBA_string@@XZ 0040f070 f i readersd:from_xmpl.obj
 0001:0000e0d0       ?toOStream@dbg_L2rVariable@@UBEXAAV?$basic_ostream@DU?$char_traits@D@std@@@std@@@Z 0040f0d0 f i readersd:from_xmpl.obj
 0001:0000e160       ??_Edbg_L2rVariable@@UAEPAXI@Z 0040f160 f i readersd:from_xmpl.obj
 0001:0000e160       ??_Gdbg_L2rVariable@@UAEPAXI@Z 0040f160 f i readersd:from_xmpl.obj
 0001:0000e1c0       ??1dbg_L2rVariable@@UAE@XZ 0040f1c0 f i readersd:from_xmpl.obj
 0001:0000e240       ?find_or_create_prop@from_xmpl@@AAEPAVL2rProposition@@PBVL2rVariable@@_NABVMBA_string@@@Z 0040f240 f   readersd:from_xmpl.obj
 0001:0000e520       ??0L2rPropVarValue@@QAE@IPBVL2rVariable@@_NI@Z 0040f520 f i readersd:from_xmpl.obj
 0001:0000e580       ??0L2rProposition@@QAE@IPBVL2rVariable@@_N@Z 0040f580 f i readersd:from_xmpl.obj
 0001:0000e5f0       ??8L2rProposition@@UBE_NABV0@@Z 0040f5f0 f i readersd:from_xmpl.obj
 0001:0000e6b0       ?var@L2rProposition@@QBEPBVL2rVariable@@XZ 0040f6b0 f i readersd:from_xmpl.obj
 0001:0000e6e0       ?isPositive@L2rProposition@@QBE_NXZ 0040f6e0 f i readersd:from_xmpl.obj
 0001:0000e710       ??_EL2rProposition@@UAEPAXI@Z 0040f710 f i readersd:from_xmpl.obj
 0001:0000e710       ??_GL2rProposition@@UAEPAXI@Z 0040f710 f i readersd:from_xmpl.obj
 0001:0000e770       ??1L2rProposition@@UAE@XZ  0040f770 f i readersd:from_xmpl.obj
 0001:0000e7d0       ??8L2rPropVarValue@@UBE_NABVL2rProposition@@@Z 0040f7d0 f i readersd:from_xmpl.obj
 0001:0000e840       ?value@L2rPropVarValue@@QBEIXZ 0040f840 f i readersd:from_xmpl.obj
 0001:0000e870       ?isEquality@L2rPropVarValue@@UBE_NXZ 0040f870 f i readersd:from_xmpl.obj
 0001:0000e8a0       ?toOStream_long@L2rPropVarValue@@UBEXAAV?$basic_ostream@DU?$char_traits@D@std@@@std@@@Z 0040f8a0 f i readersd:from_xmpl.obj
 0001:0000e930       ?id@L2rProposition@@QBEIXZ 0040f930 f i readersd:from_xmpl.obj
 0001:0000e960       ?toOStream@L2rPropVarValue@@UBEXAAV?$basic_ostream@DU?$char_traits@D@std@@@std@@@Z 0040f960 f i readersd:from_xmpl.obj
 0001:0000ea10       ??6@YAAAV?$basic_ostream@DU?$char_traits@D@std@@@std@@AAV01@PBVL2rVariable@@@Z 0040fa10 f i readersd:from_xmpl.obj
 0001:0000ea70       ??_EL2rPropVarValue@@UAEPAXI@Z 0040fa70 f i readersd:from_xmpl.obj
 0001:0000ea70       ??_GL2rPropVarValue@@UAEPAXI@Z 0040fa70 f i readersd:from_xmpl.obj
 0001:0000ead0       ??1L2rPropVarValue@@UAE@XZ 0040fad0 f i readersd:from_xmpl.obj
 0001:0000eb10       ??0L2rPropVarVar@@QAE@IPBVL2rVariable@@_N0@Z 0040fb10 f i readersd:from_xmpl.obj
 0001:0000ebe0       ??8L2rPropVarVar@@UBE_NABVL2rProposition@@@Z 0040fbe0 f i readersd:from_xmpl.obj
 0001:0000ec50       ?otherVar@L2rPropVarVar@@QBEPBVL2rVariable@@XZ 0040fc50 f i readersd:from_xmpl.obj
 0001:0000ec80       ?isEquality@L2rPropVarVar@@UBE_NXZ 0040fc80 f i readersd:from_xmpl.obj
 0001:0000ecb0       ?toOStream_long@L2rPropVarVar@@UBEXAAV?$basic_ostream@DU?$char_traits@D@std@@@std@@@Z 0040fcb0 f i readersd:from_xmpl.obj
 0001:0000ed40       ?toOStream@L2rPropVarVar@@UBEXAAV?$basic_ostream@DU?$char_traits@D@std@@@std@@@Z 0040fd40 f i readersd:from_xmpl.obj
 0001:0000edd0       ??_EL2rPropVarVar@@UAEPAXI@Z 0040fdd0 f i readersd:from_xmpl.obj
 0001:0000edd0       ??_GL2rPropVarVar@@UAEPAXI@Z 0040fdd0 f i readersd:from_xmpl.obj
 0001:0000ee30       ??1L2rPropVarVar@@UAE@XZ   0040fe30 f i readersd:from_xmpl.obj
 0001:0000ee70       ?add_clause_prop@from_xmpl@@AAEXPAVL2rProposition@@@Z 0040fe70 f   readersd:from_xmpl.obj
 0001:0000ef50       ?clause_eq_clause_props@from_xmpl@@AAE_NPBVL2rClause@@@Z 0040ff50 f   readersd:from_xmpl.obj
 0001:0000f000       ?prop@L2rClause@@QBEPBVL2rProposition@@I@Z 00410000 f i readersd:from_xmpl.obj
 0001:0000f060       ?nprops@L2rClause@@QBE?BIXZ 00410060 f i readersd:from_xmpl.obj
 0001:0000f090       ?find_or_create_clause@from_xmpl@@AAEPAVL2rClause@@XZ 00410090 f   readersd:from_xmpl.obj
 0001:0000f200       ?toOStream_long@L2rClause@@QBEXAAV?$basic_ostream@DU?$char_traits@D@std@@@std@@@Z 00410200 f i readersd:from_xmpl.obj
 0001:0000f280       ?id@L2rClause@@QBEIXZ      00410280 f i readersd:from_xmpl.obj
 0001:0000f2b0       ?toOStream@L2rClause@@QBEXAAV?$basic_ostream@DU?$char_traits@D@std@@@std@@@Z 004102b0 f i readersd:from_xmpl.obj
 0001:0000f3a0       ??6@YAAAV?$basic_ostream@DU?$char_traits@D@std@@@std@@AAV01@PBVL2rProposition@@@Z 004103a0 f i readersd:from_xmpl.obj
 0001:0000f400       ?start_attribute@from_xmpl@@AAEXABVMBA_string@@0@Z 00410400 f   readersd:from_xmpl.obj
 0001:0000f4f0       ?start_cmd@from_xmpl@@AAEXABVMBA_string@@@Z 004104f0 f   readersd:from_xmpl.obj
 0001:0000f770       ??0L2_parse_model_error@@QAE@VMBA_string@@@Z 00410770 f i readersd:from_xmpl.obj
 0001:0000f800       ?name@dbg_L2rEnumeration@@QBE?AVMBA_string@@XZ 00410800 f i readersd:from_xmpl.obj
 0001:0000f860       ??1L2_parse_model_error@@QAE@XZ 00410860 f i readersd:from_xmpl.obj
 0001:0000f8a0       ??0L2_parse_model_error@@QAE@ABV0@@Z 004108a0 f i readersd:from_xmpl.obj
 0001:0000f8e0       ?start_obs@from_xmpl@@AAEXABVMBA_string@@@Z 004108e0 f   readersd:from_xmpl.obj
 0001:0000f930       ?start_assign@from_xmpl@@AAEXABVMBA_string@@@Z 00410930 f   readersd:from_xmpl.obj
 0001:0000fa70       ??0MBA_string@@QAE@PBDI@Z  00410a70 f i readersd:from_xmpl.obj
 0001:0000fb10       ?find@MBA_string@@QBEHPBD@Z 00410b10 f i readersd:from_xmpl.obj
 0001:0000fb70       ?start_attributetype@from_xmpl@@AAEXABVMBA_string@@0@Z 00410b70 f   readersd:from_xmpl.obj
 0001:0000fcc0       ??AMBA_string@@QBEDI@Z     00410cc0 f i readersd:from_xmpl.obj
 0001:0000fd30       ?start_component@from_xmpl@@AAEXABVMBA_string@@@Z 00410d30 f   readersd:from_xmpl.obj
 0001:0000fd70       ?start_clause@from_xmpl@@AAEXXZ 00410d70 f   readersd:from_xmpl.obj
 0001:0000fda0       ?start_prop@from_xmpl@@AAEXXZ 00410da0 f   readersd:from_xmpl.obj
 0001:0000fdd0       ?start_statevector@from_xmpl@@AAEXABVMBA_string@@@Z 00410dd0 f   readersd:from_xmpl.obj
 0001:0000feb0       ?start_transition@from_xmpl@@AAEXABVMBA_string@@000@Z 00410eb0 f   readersd:from_xmpl.obj
 0001:00010210       ?characters@from_xmpl@@AAEXABVMBA_string@@@Z 00411210 f   readersd:from_xmpl.obj
 0001:00010460       ?end_component@from_xmpl@@AAEXXZ 00411460 f   readersd:from_xmpl.obj
 0001:000104b0       ?end_clause@from_xmpl@@AAEXXZ 004114b0 f   readersd:from_xmpl.obj
 0001:00010540       ?putInBackground@L2rClause@@QAEXXZ 00411540 f i readersd:from_xmpl.obj
 0001:00010570       ?end_prop@from_xmpl@@AAEXXZ 00411570 f   readersd:from_xmpl.obj
 0001:000105a0       ?end_transition@from_xmpl@@AAEXXZ 004115a0 f   readersd:from_xmpl.obj
 0001:000106a0       ??0dbg_L2rTransition@@QAE@ABVMBA_string@@PBVL2rVariable@@HHIPBQBVL2rClause@@_N3I@Z 004116a0 f i readersd:from_xmpl.obj
 0001:00010740       ?hasDebug@dbg_L2rTransition@@UBE_NXZ 00411740 f i readersd:from_xmpl.obj
 0001:00010770       ?toOStream_long@dbg_L2rTransition@@UBEXAAV?$basic_ostream@DU?$char_traits@D@std@@@std@@@Z 00411770 f i readersd:from_xmpl.obj
 0001:000107e0       ?toOStream_internal@L2rTransition@@IBEXAAV?$basic_ostream@DU?$char_traits@D@std@@@std@@@Z 004117e0 f i readersd:from_xmpl.obj
 0001:00010a20       ??6@YAAAV?$basic_ostream@DU?$char_traits@D@std@@@std@@AAV01@PBVL2rClause@@@Z 00411a20 f i readersd:from_xmpl.obj
 0001:00010a80       ?mode@L2rTransition@@QBEPBVL2rVariable@@XZ 00411a80 f i readersd:from_xmpl.obj
 0001:00010ab0       ?nclauses@L2rTransition@@QBEIXZ 00411ab0 f i readersd:from_xmpl.obj
 0001:00010ae0       ?isNominal@L2rTransition@@QBE_NXZ 00411ae0 f i readersd:from_xmpl.obj
 0001:00010b10       ?isFailure@L2rTransition@@QBE_NXZ 00411b10 f i readersd:from_xmpl.obj
 0001:00010b50       ?rank@L2rTransition@@QBEIXZ 00411b50 f i readersd:from_xmpl.obj
 0001:00010b80       ?printFrom@L2rTransition@@QBEXAAV?$basic_ostream@DU?$char_traits@D@std@@@std@@@Z 00411b80 f i readersd:from_xmpl.obj
 0001:00010c00       ?from@L2rTransition@@QBEHXZ 00411c00 f i readersd:from_xmpl.obj
 0001:00010c30       ?printTo@L2rTransition@@QBEXAAV?$basic_ostream@DU?$char_traits@D@std@@@std@@@Z 00411c30 f i readersd:from_xmpl.obj
 0001:00010ca0       ?to@L2rTransition@@QBEHXZ  00411ca0 f i readersd:from_xmpl.obj
 0001:00010cd0       ??_Edbg_L2rTransition@@UAEPAXI@Z 00411cd0 f i readersd:from_xmpl.obj
 0001:00010cd0       ??_Gdbg_L2rTransition@@UAEPAXI@Z 00411cd0 f i readersd:from_xmpl.obj
 0001:00010d30       ??1dbg_L2rTransition@@UAE@XZ 00411d30 f i readersd:from_xmpl.obj
 0001:00010db0       ?try_to_open@@YA_NABVMBA_string@@@Z 00411db0 f   readersd:from_xmpl.obj
 0001:00010ec0       ??7ios_base@std@@QBE_NXZ   00411ec0 f i readersd:from_xmpl.obj
 0001:00010f00       ??_D?$basic_ifstream@DU?$char_traits@D@std@@@std@@QAEXXZ 00411f00 f i readersd:from_xmpl.obj
 0001:00010f50       ?read@from_xmpl@@UAE_NXZ   00411f50 f   readersd:from_xmpl.obj
 0001:000118e0       ?setEnum@L2_file@@QAEXIPAVL2rEnumeration@@@Z 004128e0 f i readersd:from_xmpl.obj
 0001:00011930       ?getEnum@L2_file@@QBEPBVL2rEnumeration@@I@Z 00412930 f i readersd:from_xmpl.obj
 0001:00011990       ?nenums@L2_file@@QBEIXZ    00412990 f i readersd:from_xmpl.obj
 0001:000119c0       ?setVar@L2_file@@QAEXIPAVL2rVariable@@@Z 004129c0 f i readersd:from_xmpl.obj
 0001:00011a10       ?getVar@L2_file@@QBEPBVL2rVariable@@I@Z 00412a10 f i readersd:from_xmpl.obj
 0001:00011a70       ?nvars@L2_file@@QBEIXZ     00412a70 f i readersd:from_xmpl.obj
 0001:00011aa0       ?setClause@L2_file@@QAEXIPAVL2rClause@@@Z 00412aa0 f i readersd:from_xmpl.obj
 0001:00011af0       ?getClause@L2_file@@QBEPBVL2rClause@@I@Z 00412af0 f i readersd:from_xmpl.obj
 0001:00011b50       ?nclauses@L2_file@@QBEIXZ  00412b50 f i readersd:from_xmpl.obj
 0001:00011b80       ?id@L2rEnumeration@@QBEIXZ 00412b80 f i readersd:from_xmpl.obj
 0001:00011bb0       ??0HandlerBase_subclass@from_xmpl@@QAE@AAV1@@Z 00412bb0 f i readersd:from_xmpl.obj
 0001:00011c70       ?startElement@HandlerBase_subclass@from_xmpl@@UAEXQBGAAVAttributeList@@@Z 00412c70 f i readersd:from_xmpl.obj
 0001:000121f0       ?xcode@HandlerBase_subclass@from_xmpl@@QAE?AVMBA_string@@PBG@Z 004131f0 f i readersd:from_xmpl.obj
 0001:00012260       ?get_attribute@HandlerBase_subclass@from_xmpl@@QAE?AVMBA_string@@PBD@Z 00413260 f i readersd:from_xmpl.obj
 0001:00012300       ?characters@HandlerBase_subclass@from_xmpl@@UAEXQBGI@Z 00413300 f i readersd:from_xmpl.obj
 0001:00012390       ?endElement@HandlerBase_subclass@from_xmpl@@UAEXQBG@Z 00413390 f i readersd:from_xmpl.obj
 0001:000124a0       ?warning@HandlerBase_subclass@from_xmpl@@UAEXABVSAXParseException@@@Z 004134a0 f i readersd:from_xmpl.obj
 0001:000125a0       ?error@HandlerBase_subclass@from_xmpl@@UAEXABVSAXParseException@@@Z 004135a0 f i readersd:from_xmpl.obj
 0001:000127f0       ??0MBA_string@@QAE@I@Z     004137f0 f i readersd:from_xmpl.obj
 0001:000128d0       ?fatalError@HandlerBase_subclass@from_xmpl@@UAEXABVSAXParseException@@@Z 004138d0 f i readersd:from_xmpl.obj
 0001:00012b20       ??_EHandlerBase_subclass@from_xmpl@@UAEPAXI@Z 00413b20 f i readersd:from_xmpl.obj
 0001:00012b20       ??_GHandlerBase_subclass@from_xmpl@@UAEPAXI@Z 00413b20 f i readersd:from_xmpl.obj
 0001:00012b80       ??1HandlerBase_subclass@from_xmpl@@UAE@XZ 00413b80 f i readersd:from_xmpl.obj
 0001:00012c00       ??6?$basic_ostream@DU?$char_traits@D@std@@@std@@QAEAAV01@I@Z 00413c00 f i readersd:from_xmpl.obj
 0001:00012db0       ??1locale@std@@QAE@XZ      00413db0 f i readersd:from_xmpl.obj
 0001:00012e20       ?_Decref@facet@locale@std@@QAEPAV123@XZ 00413e20 f i readersd:from_xmpl.obj
 0001:00012ea0       ?getloc@ios_base@std@@QBE?AVlocale@2@XZ 00413ea0 f i readersd:from_xmpl.obj
 0001:00012f00       ??0locale@std@@QAE@ABV01@@Z 00413f00 f i readersd:from_xmpl.obj
 0001:00012f50       ?_Incref@facet@locale@std@@QAEXXZ 00413f50 f i readersd:from_xmpl.obj
 0001:00012fb0       ??1?$basic_ios@DU?$char_traits@D@std@@@std@@UAE@XZ 00413fb0 f i readersd:from_xmpl.obj
 0001:00012ff0       ?push_front@?$Slist@PAVL2rClause@@@@QAEXABQAVL2rClause@@@Z 00413ff0 f i readersd:from_xmpl.obj
 0001:00013070       ?begin@?$Slist@PAVL2rClause@@@@QAE?AV?$Slist_iterator@PAVL2rClause@@@@XZ 00414070 f i readersd:from_xmpl.obj
 0001:000130c0       ?end@?$Slist@PAVL2rClause@@@@QAE?AV?$Slist_iterator@PAVL2rClause@@@@XZ 004140c0 f i readersd:from_xmpl.obj
 0001:00013110       ?push_front@?$Slist@PAVL2rProposition@@@@QAEXABQAVL2rProposition@@@Z 00414110 f i readersd:from_xmpl.obj
 0001:00013190       ?begin@?$Slist@PAVL2rProposition@@@@QAE?AV?$Slist_iterator@PAVL2rProposition@@@@XZ 00414190 f i readersd:from_xmpl.obj
 0001:000131e0       ?end@?$Slist@PAVL2rProposition@@@@QAE?AV?$Slist_iterator@PAVL2rProposition@@@@XZ 004141e0 f i readersd:from_xmpl.obj
 0001:00013230       ?size@?$Hash_table@VMBA_string@@PAVdbg_L2rVariable@@@@QBEJXZ 00414230 f i readersd:from_xmpl.obj
 0001:000132a0       ?begin@?$Slist@PAVL2rTransition@@@@QAE?AV?$Slist_iterator@PAVL2rTransition@@@@XZ 004142a0 f i readersd:from_xmpl.obj
 0001:000132f0       ?end@?$Slist@PAVL2rTransition@@@@QAE?AV?$Slist_iterator@PAVL2rTransition@@@@XZ 004142f0 f i readersd:from_xmpl.obj
 0001:00013340       ??D?$Hash_table_iterator@VMBA_string@@PAVdbg_L2rEnumeration@@@@QAEABQAVdbg_L2rEnumeration@@XZ 00414340 f i readersd:from_xmpl.obj
 0001:00013380       ??9?$Hash_table_iterator@VMBA_string@@PAVdbg_L2rEnumeration@@@@QBE_NABV0@@Z 00414380 f i readersd:from_xmpl.obj
 0001:000133d0       ??0?$Slist@VMBA_string@@@@QAE@XZ 004143d0 f i readersd:from_xmpl.obj
 0001:00013410       ??1?$Slist@VMBA_string@@@@QAE@XZ 00414410 f i readersd:from_xmpl.obj
 0001:00013450       ?push_front@?$Slist@VMBA_string@@@@QAEXABVMBA_string@@@Z 00414450 f i readersd:from_xmpl.obj
 0001:000134d0       ?begin@?$Slist@VMBA_string@@@@QAE?AV?$Slist_iterator@VMBA_string@@@@XZ 004144d0 f i readersd:from_xmpl.obj
 0001:00013520       ?end@?$Slist@VMBA_string@@@@QAE?AV?$Slist_iterator@VMBA_string@@@@XZ 00414520 f i readersd:from_xmpl.obj
 0001:00013570       ??E?$Slist_iterator@VMBA_string@@@@QAEAAV0@XZ 00414570 f i readersd:from_xmpl.obj
 0001:000135c0       ??D?$Slist_iterator@VMBA_string@@@@QAEAAVMBA_string@@XZ 004145c0 f i readersd:from_xmpl.obj
 0001:00013610       ??9?$Slist_iterator@VMBA_string@@@@QBE_NABV0@@Z 00414610 f i readersd:from_xmpl.obj
 0001:00013650       ??D?$Hash_table_iterator@VMBA_string@@PAVdbg_L2rVariable@@@@QAEABQAVdbg_L2rVariable@@XZ 00414650 f i readersd:from_xmpl.obj
 0001:00013690       ??8?$Hash_table_iterator@VMBA_string@@PAVdbg_L2rVariable@@@@QBE_NABV0@@Z 00414690 f i readersd:from_xmpl.obj
 0001:00013710       ??9?$Hash_table_iterator@VMBA_string@@PAVdbg_L2rVariable@@@@QBE_NABV0@@Z 00414710 f i readersd:from_xmpl.obj
 0001:00013760       ??E?$Slist_iterator@PAVL2rProposition@@@@QAEAAV0@XZ 00414760 f i readersd:from_xmpl.obj
 0001:000137b0       ??D?$Slist_iterator@PAVL2rProposition@@@@QAEAAPAVL2rProposition@@XZ 004147b0 f i readersd:from_xmpl.obj
 0001:00013800       ??9?$Slist_iterator@PAVL2rProposition@@@@QBE_NABV0@@Z 00414800 f i readersd:from_xmpl.obj
 0001:00013840       ??4?$Slist_iterator@PAVL2rProposition@@@@QAEAAV0@ABV0@@Z 00414840 f i readersd:from_xmpl.obj
 0001:00013880       ??E?$Slist_iterator@PAVL2rClause@@@@QAEAAV0@XZ 00414880 f i readersd:from_xmpl.obj
 0001:000138d0       ??D?$Slist_iterator@PAVL2rClause@@@@QAEAAPAVL2rClause@@XZ 004148d0 f i readersd:from_xmpl.obj
 0001:00013920       ??9?$Slist_iterator@PAVL2rClause@@@@QBE_NABV0@@Z 00414920 f i readersd:from_xmpl.obj
 0001:00013960       ??0?$basic_ifstream@DU?$char_traits@D@std@@@std@@QAE@PBDH@Z 00414960 f i readersd:from_xmpl.obj
 0001:00013a60       ??1?$basic_istream@DU?$char_traits@D@std@@@std@@UAE@XZ 00414a60 f i readersd:from_xmpl.obj
 0001:00013aa0       ??1?$basic_ifstream@DU?$char_traits@D@std@@@std@@UAE@XZ 00414aa0 f i readersd:from_xmpl.obj
 0001:00013b30       ??1?$basic_filebuf@DU?$char_traits@D@std@@@std@@UAE@XZ 00414b30 f i readersd:from_xmpl.obj
 0001:00013bf0       ??1?$basic_streambuf@DU?$char_traits@D@std@@@std@@UAE@XZ 00414bf0 f i readersd:from_xmpl.obj
 0001:00013c40       ?overflow@?$basic_streambuf@DU?$char_traits@D@std@@@std@@MAEHH@Z 00414c40 f i readersd:from_xmpl.obj
 0001:00013c80       ?pbackfail@?$basic_streambuf@DU?$char_traits@D@std@@@std@@MAEHH@Z 00414c80 f i readersd:from_xmpl.obj
 0001:00013cc0       ?showmanyc@?$basic_streambuf@DU?$char_traits@D@std@@@std@@MAEHXZ 00414cc0 f i readersd:from_xmpl.obj
 0001:00013cf0       ?underflow@?$basic_streambuf@DU?$char_traits@D@std@@@std@@MAEHXZ 00414cf0 f i readersd:from_xmpl.obj
 0001:00013d30       ?uflow@?$basic_streambuf@DU?$char_traits@D@std@@@std@@MAEHXZ 00414d30 f i readersd:from_xmpl.obj
 0001:00013dc0       ?xsgetn@?$basic_streambuf@DU?$char_traits@D@std@@@std@@MAEHPADH@Z 00414dc0 f i readersd:from_xmpl.obj
 0001:00013ef0       ?copy@?$char_traits@D@std@@SAPADPADPBDI@Z 00414ef0 f i readersd:from_xmpl.obj
 0001:00013f30       ?to_char_type@?$char_traits@D@std@@SADABH@Z 00414f30 f i readersd:from_xmpl.obj
 0001:00013f60       ?xsputn@?$basic_streambuf@DU?$char_traits@D@std@@@std@@MAEHPBDH@Z 00414f60 f i readersd:from_xmpl.obj
 0001:00014090       ?seekoff@?$basic_streambuf@DU?$char_traits@D@std@@@std@@MAE?AV?$fpos@H@2@JW4seekdir@ios_base@2@H@Z 00415090 f i readersd:from_xmpl.obj
 0001:000140e0       ?seekpos@?$basic_streambuf@DU?$char_traits@D@std@@@std@@MAE?AV?$fpos@H@2@V32@H@Z 004150e0 f i readersd:from_xmpl.obj
 0001:00014130       ?setbuf@?$basic_streambuf@DU?$char_traits@D@std@@@std@@MAEPAV12@PADH@Z 00415130 f i readersd:from_xmpl.obj
 0001:00014160       ?sync@?$basic_streambuf@DU?$char_traits@D@std@@@std@@MAEHXZ 00415160 f i readersd:from_xmpl.obj
 0001:00014190       ?imbue@?$basic_streambuf@DU?$char_traits@D@std@@@std@@MAEXABVlocale@2@@Z 00415190 f i readersd:from_xmpl.obj
 0001:000141c0       ?overflow@?$basic_filebuf@DU?$char_traits@D@std@@@std@@MAEHH@Z 004151c0 f i readersd:from_xmpl.obj
 0001:000143f0       ?not_eof@?$char_traits@D@std@@SAHABH@Z 004153f0 f i readersd:from_xmpl.obj
 0001:00014440       ?_Fputc@std@@YA_NDPAU_iobuf@@@Z 00415440 f i readersd:from_xmpl.obj
 0001:00014490       ?pbackfail@?$basic_filebuf@DU?$char_traits@D@std@@@std@@MAEHH@Z 00415490 f i readersd:from_xmpl.obj
 0001:00014630       ?_Ungetc@std@@YA_NDPAU_iobuf@@@Z 00415630 f i readersd:from_xmpl.obj
 0001:00014680       ?size@?$basic_string@DU?$char_traits@D@std@@V?$allocator@D@2@@std@@QBEIXZ 00415680 f i readersd:from_xmpl.obj
 0001:000146b0       ?underflow@?$basic_filebuf@DU?$char_traits@D@std@@@std@@MAEHXZ 004156b0 f i readersd:from_xmpl.obj
 0001:00014740       ?uflow@?$basic_filebuf@DU?$char_traits@D@std@@@std@@MAEHXZ 00415740 f i readersd:from_xmpl.obj
 0001:00014900       ?_Fgetc@std@@YA_NAADPAU_iobuf@@@Z 00415900 f i readersd:from_xmpl.obj
 0001:00014950       ?seekoff@?$basic_filebuf@DU?$char_traits@D@std@@@std@@MAE?AV?$fpos@H@2@JW4seekdir@ios_base@2@H@Z 00415950 f i readersd:from_xmpl.obj
 0001:00014a00       ?seekpos@?$basic_filebuf@DU?$char_traits@D@std@@@std@@MAE?AV?$fpos@H@2@V32@H@Z 00415a00 f i readersd:from_xmpl.obj
 0001:00014b20       ?setbuf@?$basic_filebuf@DU?$char_traits@D@std@@@std@@MAEPAV?$basic_streambuf@DU?$char_traits@D@std@@@2@PADH@Z 00415b20 f i readersd:from_xmpl.obj
 0001:00014b90       ?sync@?$basic_filebuf@DU?$char_traits@D@std@@@std@@MAEHXZ 00415b90 f i readersd:from_xmpl.obj
 0001:00014bf0       ??E?$Slist_iterator@PAVL2rTransition@@@@QAEAAV0@XZ 00415bf0 f i readersd:from_xmpl.obj
 0001:00014c40       ??D?$Slist_iterator@PAVL2rTransition@@@@QAEAAPAVL2rTransition@@XZ 00415c40 f i readersd:from_xmpl.obj
 0001:00014c90       ??9?$Slist_iterator@PAVL2rTransition@@@@QBE_NABV0@@Z 00415c90 f i readersd:from_xmpl.obj
 0001:00014cd0       ??4?$Slist_iterator@PAVL2rTransition@@@@QAEAAV0@ABV0@@Z 00415cd0 f i readersd:from_xmpl.obj
 0001:00014d10       ??_E?$basic_ios@DU?$char_traits@D@std@@@std@@UAEPAXI@Z 00415d10 f i readersd:from_xmpl.obj
 0001:00014d10       ??_G?$basic_ios@DU?$char_traits@D@std@@@std@@UAEPAXI@Z 00415d10 f i readersd:from_xmpl.obj
 0001:00014d70       ??_E?$basic_istream@DU?$char_traits@D@std@@@std@@UAEPAXI@Z 00415d70 f i readersd:from_xmpl.obj
 0001:00014d70       ??_G?$basic_istream@DU?$char_traits@D@std@@@std@@UAEPAXI@Z 00415d70 f i readersd:from_xmpl.obj
 0001:00014dd0       ??_E?$basic_streambuf@DU?$char_traits@D@std@@@std@@UAEPAXI@Z 00415dd0 f i readersd:from_xmpl.obj
 0001:00014dd0       ??_G?$basic_streambuf@DU?$char_traits@D@std@@@std@@UAEPAXI@Z 00415dd0 f i readersd:from_xmpl.obj
 0001:00014e30       ??_E?$basic_ifstream@DU?$char_traits@D@std@@@std@@UAEPAXI@Z 00415e30 f i readersd:from_xmpl.obj
 0001:00014e30       ??_G?$basic_ifstream@DU?$char_traits@D@std@@@std@@UAEPAXI@Z 00415e30 f i readersd:from_xmpl.obj
 0001:00014e90       ??_E?$basic_filebuf@DU?$char_traits@D@std@@@std@@UAEPAXI@Z 00415e90 f i readersd:from_xmpl.obj
 0001:00014e90       ??_G?$basic_filebuf@DU?$char_traits@D@std@@@std@@UAEPAXI@Z 00415e90 f i readersd:from_xmpl.obj
 0001:00014ef0       ??_G?$basic_string@DU?$char_traits@D@std@@V?$allocator@D@2@@std@@QAEPAXI@Z 00415ef0 f i readersd:from_xmpl.obj
 0001:00014f50       ??1?$basic_string@DU?$char_traits@D@std@@V?$allocator@D@2@@std@@QAE@XZ 00415f50 f i readersd:from_xmpl.obj
 0001:00014f90       ??_D?$basic_istream@DU?$char_traits@D@std@@@std@@QAEXXZ 00415f90 f i readersd:from_xmpl.obj
 0001:00014fe0       ?append@?$basic_string@DU?$char_traits@D@std@@V?$allocator@D@2@@std@@QAEAAV12@ID@Z 00415fe0 f i readersd:from_xmpl.obj
 0001:00015080       ?assign@?$char_traits@D@std@@SAPADPADIABD@Z 00416080 f i readersd:from_xmpl.obj
 0001:000150c0       ?erase@?$basic_string@DU?$char_traits@D@std@@V?$allocator@D@2@@std@@QAEAAV12@II@Z 004160c0 f i readersd:from_xmpl.obj
 0001:00015190       ?move@?$char_traits@D@std@@SAPADPADPBDI@Z 00416190 f i readersd:from_xmpl.obj
 0001:000151d0       ?begin@?$basic_string@DU?$char_traits@D@std@@V?$allocator@D@2@@std@@QAEPADXZ 004161d0 f i readersd:from_xmpl.obj
 0001:00015210       ?end@?$basic_string@DU?$char_traits@D@std@@V?$allocator@D@2@@std@@QAEPADXZ 00416210 f i readersd:from_xmpl.obj
 0001:00015260       ?_Tidy@?$basic_string@DU?$char_traits@D@std@@V?$allocator@D@2@@std@@AAEX_N@Z 00416260 f i readersd:from_xmpl.obj
 0001:00015340       ??0?$basic_ios@DU?$char_traits@D@std@@@std@@IAE@XZ 00416340 f i readersd:from_xmpl.obj
 0001:00015390       ??0ios_base@std@@IAE@XZ    00416390 f i readersd:from_xmpl.obj
 0001:000153f0       ??0locale@std@@QAE@W4_Uninitialized@1@@Z 004163f0 f i readersd:from_xmpl.obj
 0001:00015420       ??_Eios_base@std@@UAEPAXI@Z 00416420 f i readersd:from_xmpl.obj
 0001:00015420       ??_Gios_base@std@@UAEPAXI@Z 00416420 f i readersd:from_xmpl.obj
 0001:00015480       ??0?$fpos@H@std@@QAE@J@Z   00416480 f i readersd:from_xmpl.obj
 0001:000154f0       ??0?$fpos@H@std@@QAE@H_J@Z 004164f0 f i readersd:from_xmpl.obj
 0001:00015540       ?state@?$fpos@H@std@@QBEHXZ 00416540 f i readersd:from_xmpl.obj
 0001:00015570       ?get_fpos_t@?$fpos@H@std@@QBE_JXZ 00416570 f i readersd:from_xmpl.obj
 0001:000155a0       ??B?$fpos@H@std@@QBEJXZ    004165a0 f i readersd:from_xmpl.obj
 0001:000155e0       ??0?$basic_istream@DU?$char_traits@D@std@@@std@@QAE@PAV?$basic_streambuf@DU?$char_traits@D@std@@@1@_N@Z 004165e0 f i readersd:from_xmpl.obj
 0001:000156a0       ?eback@?$basic_streambuf@DU?$char_traits@D@std@@@std@@IBEPADXZ 004166a0 f i readersd:from_xmpl.obj
 0001:000156d0       ?gptr@?$basic_streambuf@DU?$char_traits@D@std@@@std@@IBEPADXZ 004166d0 f i readersd:from_xmpl.obj
 0001:00015700       ?egptr@?$basic_streambuf@DU?$char_traits@D@std@@@std@@IBEPADXZ 00416700 f i readersd:from_xmpl.obj
 0001:00015740       ?gbump@?$basic_streambuf@DU?$char_traits@D@std@@@std@@IAEXH@Z 00416740 f i readersd:from_xmpl.obj
 0001:00015790       ?_Gndec@?$basic_streambuf@DU?$char_traits@D@std@@@std@@IAEPADXZ 00416790 f i readersd:from_xmpl.obj
 0001:000157f0       ?_Gninc@?$basic_streambuf@DU?$char_traits@D@std@@@std@@IAEPADXZ 004167f0 f i readersd:from_xmpl.obj
 0001:00015850       ?pbump@?$basic_streambuf@DU?$char_traits@D@std@@@std@@IAEXH@Z 00416850 f i readersd:from_xmpl.obj
 0001:000158a0       ??8?$Hash_table_iterator@VMBA_string@@PAVdbg_L2rEnumeration@@@@QBE_NABV0@@Z 004168a0 f i readersd:from_xmpl.obj
 0001:00015920       ??D?$Slist_iterator@U?$MBApair@$$CBVMBA_string@@QAVdbg_L2rEnumeration@@@@@@QAEAAU?$MBApair@$$CBVMBA_string@@QAVdbg_L2rEnumeration@@@@XZ 00416920 f i readersd:from_xmpl.obj
 0001:00015970       ?erase@?$Slist@VMBA_string@@@@QAEXXZ 00416970 f i readersd:from_xmpl.obj
 0001:000159d0       ??0?$Slist_iterator@VMBA_string@@@@QAE@PAV?$Slist_item@VMBA_string@@@@@Z 004169d0 f i readersd:from_xmpl.obj
 0001:00015a10       ??D?$Slist_iterator@U?$MBApair@$$CBVMBA_string@@QAVdbg_L2rVariable@@@@@@QAEAAU?$MBApair@$$CBVMBA_string@@QAVdbg_L2rVariable@@@@XZ 00416a10 f i readersd:from_xmpl.obj
 0001:00015a60       ??8?$Slist_iterator@U?$MBApair@$$CBVMBA_string@@QAVdbg_L2rVariable@@@@@@QBE_NABV0@@Z 00416a60 f i readersd:from_xmpl.obj
 0001:00015aa0       ??0?$Slist_iterator@PAVL2rProposition@@@@QAE@PAV?$Slist_item@PAVL2rProposition@@@@@Z 00416aa0 f i readersd:from_xmpl.obj
[...]
FIXUPS: 18ad9 1d 2c 58 1f 15 14 9 15 7 29 9 29 30 f 1f 1a 9 29 a4958 b
FIXUPS: 18d46 1d 17 38 1d 29 49 1d 29 3a 10 fffff821 9 15 7 29 9 29 30
FIXUPS: 187b1 1f 1a 9 29 a4e08 b fff5b247 1d 17 38 1d 29 49 1d 29 4e 1f
FIXUPS: 18a43 15 c 15 7 21 fffff890 10 18 1e 18 30 4b 9 15 23 b 16 e d
FIXUPS: 184a6 41 a511d b fff5af26 1f 1f 15 c 15 7 21 38 1d 2c 58 1f 15
FIXUPS: 18101 f 1d a5437 9 9 9 9 9 9 9 b fff5abe3 18 b f c e 26 a53c1 9
FIXUPS: bd5d8 fff5ac89 18 b f c e 26 a5311 9 b fff5a651 a58ed fff5a759
FIXUPS: 17ca8 85 e d 8c 10 14d 18 b f c e 26 a55a1 9 b fff5aa9f 3e 1f 18
FIXUPS: 18081 15 15 b f c c c c fffff6e1 3c a5ce2 a c fff5a345 24 20 10
FIXUPS: 178dd d 43 10 5d 21 36 15 13 54 f 17 a5a81 b fff5a5a2 2b 56 23
FIXUPS: 17b87 4c 16 1b 2e fffff77d 38 1d f 10 2f 10 43 11 15 14 d 4d 18
FIXUPS: 17572 a5f65 b fff5a117 e 14 1e 47 37 57 19 18 1b c 1b 8 b 23 a5d08
FIXUPS: 16f69 d 53 d 43 10 78 17 1d 18 10 34 a 18 17 21 1a 13 24 15 2f
FIXUPS: 1722c 25 f b1 17 1f c d 32 10 fffff619 87 15 ff 12 1b 21 a68f0
FIXUPS: bd4a0 b fff59723 d b 8 10 41 1e 8 10 39 13 14 90 1d 9f 23 2d 23
FIXUPS: 16ed6 13 2a a65a1 fff58d01 10 2c 13 2d 13 10 4b 17 28 11 3a 38
FIXUPS: 1637a 3c 23 68 13 13 56 13 10 14f 46 21 a6ddf b fff59465 29 44
FIXUPS: 16967 34 fffff40f 16 31 13 13 3d 16 16 31 13 13 3a 13 13 3c d 34
FIXUPS: 15fbf d 43 20 23 f 10 37 10 31 8 49 1d 15 10 fffff73e a c a 14
FIXUPS: 1591d 27 42 17 11 28 1c 32 e 21 1f 17 11 22 1a 17 1f 4c 26 40 27
FIXUPS: 15c72 15 aa 13 13 3d fffff849 6 1f 16 d 32 1a 60 c a c 6 19 15
FIXUPS: 15734 2d c a c 6 16 1e 15 d 2a c 11 16 27 c 13 24 fffffaa3 10 20
FIXUPS: 1537f 15 18 19 d d 2a 16 18 2b 1a 35 10 a 9 10 14 9 13 14 9 16
FIXUPS: 15557 11 1e 9 19 13 f fffff9d4 a 29 6 2a b 18 8 10 3e 39 1c 34
FIXUPS: 1511f bf 10 15 10 c a d d 18 1e 9 19 1b 1a 16 f c 1f a8124 c b
FIXUPS: 14c1d d 34 d 33 d 63 d 42 8 10 11 d 6 16 43 c a 25 a 2a 16 8 10
FIXUPS: 14ea6 38 37 10 6d fffff660 15 6d 10 51 29 37 17 96 15 10b 15 98
FIXUPS: 149d2 14 2c 1a 21 a89a8 c c b fff576dc 12 17 a890a b fff57750 1f
FIXUPS: 14bbc f 17 fffff44c 30 39 1d 2f 1d 30 1e 30 39 1d 2f 1d 5d 1a 30
FIXUPS: 142e4 2f 1d 34 10 31 17 75 d 32 1e 30 39 1d 2f 1d fffff6fa 21 1a
FIXUPS: 13ca7 33 15 1b 13 b 28 23 15 1d a961f 9 b fff56a03 24 19 29 3b
FIXUPS: 13e8c 43 19 45 10 34 20 d 3c d 29 fffffa6e c c c c c c c c c e
FIXUPS: 13b12 a9822 9 9 9 9 9 9 9 9 9 b fff567b1 13 13 59 19 17 a97be b
FIXUPS: 13c4b a9659 9 9 9 9 9 9 9 9 9 b fff5652c 1c a 24 41 a9a5d b fff565f7
FIXUPS: 13926 36 9 30 9 33 18 15 15 15 15 21 e fffffaed a f 17 a9cfb b
FIXUPS: 135e6 10 36 9 30 9 33 18 15 15 15 15 21 e 12 c c c c c c c c c
FIXUPS: 137c8 1a fffffa4d 19 56 19 1b 18 57 1f f 17 a9ebe b fff56182 14
FIXUPS: 133f9 f 14 f 14 f 14 f 17 a9ddc b fff56276 10 2b 17 9 a 6 fffffbff
FIXUPS: 1315b c 1b c c c c f 1a a9fa9 9 9 9 9 9 9 9 9 9 9 9 9 9 9 9 9 9
FIXUPS: bd226 9 b fff55fec fffffc84 1d 13 c 12 14 12 14 12 1d 13 c 12 1a
FIXUPS: 12fbd 11 11 18 19 c 14 19 c 14 19 c 19 1c 1f c 1b 21 fffff9fd 10
FIXUPS: 12bf0 20 48 aa516 b fff55b47 14 1d 18 17 c c 12 1d 13 c 12 1d 13
FIXUPS: 12dd4 12 1d 13 c 12 1d 18 17 c c fffff9bd c 14 b 7 1f f 20 aa7ff
FIXUPS: bd0e7 c c c c c c c c b fff557b3 1c 3c a 10 6e 1c 3c a 10 6e 1c
FIXUPS: 12b1d fffffafa 30 12 c 14 1a 9 7 14 7 12 1e 12 c 14 1a 9 7 16 7
FIXUPS: 12779 1e 12 c 14 1a 9 7 14 23 c d fffffb08 36 f 13 21 15 2c 2d
FIXUPS: 1245d 13 13 30 11 15 f f f 12 11 18 7 12 30 12 c 14 1a 9 7 f 9
FIXUPS: 12605 fffffa27 1b 25 f 8 25 19 19 f 35 f 13 21 17 25 f 8 25 19
FIXUPS: 1220b f 36 f 13 21 17 25 f 8 24 19 19 fffff92b 15 d 68 15 13 60
FIXUPS: 11d88 17 ab2f5 b fff54d4c c 1c 21 9 9 12 19 21 20 ab205 b fff54e1f
FIXUPS: 11eee 36 b d 5b c 1b 39 fffff8a5 f a 6 10 8 12 10 21 9 a 13 20
FIXUPS: 11976 9 1d 2a 1e 9 12 d 3c 11 10 144 d f 7 15 d 5f f fffff8a1 12
FIXUPS: 1152a 96 28 f 25 21 8 22 18 d 6a 16 2a ab93e b fff54724 9 9 f d
FIXUPS: 11801 26 13 9 9 9 f e f 8 fffffa8b 9 1d 19 c c 11 c 1d 19 c c 8
FIXUPS: 113ee 12 17 9 c f 1a abbcf 9 9 9 9 9 9 b fff54424 17 31 26 fffffb5a
FIXUPS: 11057 1b 15 b 16 e 13 1a abf01 b fff5414a b 16 e 26 b 16 e 13 e
FIXUPS: 111fb abe09 9 b fff54247 33 11 19 1b 19 c fffff9ac ac2fc 9 b fff53d42
FIXUPS: 10d18 40 d a6 27 1b b f c e 21 ac122 9 b fff53f07 f 9 15 9 13 2c
FIXUPS: 10f6a 4c 20 20 20 20 fffff9b7 12 f 9 f c f 17 ac4fc 9 9 b fff53b35
FIXUPS: 10ab4 1c 35 ac47f b fff53bac 29 42 16 22 11 19 c 19 c 19 11 1f
FIXUPS: 10c91 ac243 9 9 9 9 9 9 9 b fff53896 b 12 1a ac749 b fff538f0 19
FIXUPS: 10881 d 37 10 32 d d 4a 19 b 16 e 12 9 f fffffaee 17 ac9d2 9 b
FIXUPS: 10532 b 17 27 1b b f c e 12 18 18 1c 3a 22 18 15 21 e 12 c c c
FIXUPS: 10722 e 14 1a fffff9ed 2f 20 27 8 16 16 31 f a 6 f d d 72 22 15
FIXUPS: 10334 27 1e 9 12 34 1d 10 55 18 c c 13 10 1f fffff8e6 9 10 36 15
FIXUPS: fe19 41 d 31 26 9 11 11 15 8 15 1c 43 1f 15 19 e 19 47 1c 77 15
FIXUPS: 100ec 9 11 11 1a fffff8cb 3c 1d 10 2c 15 13 41 d 3f a 26 f a 45
FIXUPS: bce94 b fff52d66 11 a 24 92 f a 6 1b d d 37 21 d a fffff83f 39
FIXUPS: f61b c 10 1d 1c 29 98 15 13 59 d 36 11 a 24 92 f a 6 1b d d 67
FIXUPS: f9a6 a 9 b f 7 15 fffff91f c e 27 18 b f c e d 2a 21 f 15 f 9 11
FIXUPS: f457 30 14 18 1d 22 23 ad94f 9 9 9 b fff526c3 22 35 fffffa3f 12
FIXUPS: effd 13 b f 15 d 17 adda1 b fff52290 19 52 1d 12 17 adcd4 b fff52352
FIXUPS: f196 13 60 f 17 adc15 b fff52431 9 10 2a 33 fffff97e f a 6 9 9
FIXUPS: ecb0 13 b f 15 d d 3c 1d 10 c3 d 2c 15 13 38 15 13 7d 12 21 f a
FIXUPS: efc8 9 9 fffff8c1 1b 34 2f 31 1b b f c e e 22 23 ae398 9 b fff51cad
FIXUPS: ea58 18 1a ae31a 9 b fff51d0c 49 59 24 33 17 ae20f b fff51e73 fffff8c7
FIXUPS: e544 12 30 ae7be b fff51872 a 14 12 3f 10 6e 16 18 19 52 26 9 2d
FIXUPS: e7ac 27 1b b f c e 18 1c ae50e 9 b fff51481 d 3c 1f 1a 31 1b b
FIXUPS: e2e1 c e e 22 23 ae9a6 9 9 b fff51693 b 12 1a ae949 b fff516e2
FIXUPS: e41e 37 10 4d 23 16 28 fffffa4a 1b b f c e 12 1c aecda 9 b fff5136c
FIXUPS: e03f 12 1a aec69 b fff513c2 d 37 10 4b 1b 9 18 7 19 a 1d 13 f 8
FIXUPS: 213b3 5 5 5 d 2f 10 30 10 30 10 fffec84b 5 d 33 d 33 10 30 d 2e
FIXUPS: ddde d 33 d 33 10 30 d 5c 26 9 13111 12 61 15 1b 13 b 28 23 15
FIXUPS: 21185 9c83f 9 b fff637fd 1d 5f 18 b f c e 26 9c721 9 b fff63917
FIXUPS: 21327 48 18 22 5 fffff926 64 9 1f 9 1f 9 18 18 19 b 21 a 6 2f 24
FIXUPS: 20e73 6 19 1a 18 16 19 7 19 7 19 14 a4 f 21 1a fffff8f7 1a ed d
FIXUPS: 20a73 d 33 d 38 9 1f 9 18 18 19 1e 21 a 6 2f 11 1b a 6 19 19 19
FIXUPS: 20c7e 8 21 9 a fffffa73 7 19 18 21 9 9 11 11 18 9 9 14 1c 1c 17
FIXUPS: 2084e 34 10 9 9 a 6 a 7 14 7 7 8 1a 10 9 fffffa5a d 3f 9 1f 9 1f
FIXUPS: 20421 1f 9 2d f 18 f 21 33 a 6 a 6 a 6 31 30 1e 79 9 55 33 30 22
FIXUPS: 20723 fffff846 10 a 6 9 a 22 7 22 7 33 18 64 9 40 1f 25 25 2b 24
FIXUPS: 201f6 44 9 4d 2d 7 1c 9d6c8 b fff62962 2c 34 fffff7b6 33 31 31
FIXUPS: 1fbc7 8 19 1d 30 7 d 44 a 10 3a 7 d 91 39 d 1f 20 1f 29 1f 39 1f
FIXUPS: 1feef 21 2b 7 7 fffff75d 45 42 1e 36 7 d a9 9 1f 9 2d f 18 21 a
FIXUPS: 1f8f4 19 7 1a 11 3a d 33 18 41 9 3c 1f 25 44 3b fffff8a2 d 3f 9
FIXUPS: 1f430 9 1f 9 2d f 1a 1f 1a 1f 1a 1f 25 7 8 3e 10 a 6 a 6 a 6 a
FIXUPS: 1f60a a 6 47 fffffa90 1a 1f 1a 1f 1c 25 f 17 24 23 18 a 42 e 10
FIXUPS: 1f29c 9 9 9 9 9 9 9 11 24 22 7 8 22 15 3d fffff9d9 9 1f 9 2d f
FIXUPS: 1ee13 21 a 6 19 7 1a 11 1f 1c 2a 1d a 27 19 30 25 2b 7 17 3c 7
FIXUPS: 1f049 38 7 d fffff8aa 36 15 d 62 a 6 9 a f 54 a 6 a 6 10 39 d 5c
FIXUPS: 1eb66 13 59 d 3e 50 4d 16 13 15 13 3b d fffff853 21 a 7 19 27 15
FIXUPS: 1e661 27 a 6 1c 28 1e c 33 25 7 2e 24 9 25 25 7 21 9f135 d c fff60ee1
FIXUPS: 1e868 d 9f fffff89c 21 21 21 21 21 21 21 21 21 1a 18 9 9 27 17
FIXUPS: 1e3d3 9 2d f 18 21 a 6 19 7 1a 11 1f 31 23 46 fffff8c8 18 9 a 14
FIXUPS: 1de84 9 a 12 c6 36 2a 4d 16 6 34 9 9 a f 11 3f 9 9 9 9 9 9 a f
FIXUPS: 1e16d 1d 9f7ba b fff60153 a 6 a 7 6 a 2c 14 10 47 25 9 9 1d 9 9
FIXUPS: 1dbe2 61 1f 2a 2d a 6 a 6 9 a 1d 102 3cf9 2d 10 28 5 d 33 10 ffffbb9b
FIXUPS: 1d75e d 33 d 33 10 30 d 2e 5 d 33 d 33 10 30 d 55 24 5f 11 f 17
FIXUPS: bda18 fff63d59 15 13 68 12 17 9c1fa b fff63e54 1e 9 f 12 1d 9c15c
FIXUPS: bda4f fff63ecf 14 10 13 13 36 19 25 9 2b 1d 13 58 10 44 f46 d 2f
FIXUPS: 22a7e 30 10 30 10 ffffe9bb 5 d 33 d 33 10 30 d 2e 5 d 33 d 33 10
FIXUPS: 2167e d 56 c 32 1a 9c2cb 9 fff64c0a b 16 e 23 9b4db b fff64b98
FIXUPS: 22702 10 75 1b 10 75 1b 10 75 1b 10 32 10 30 10 30 10 30 10 25
FIXUPS: 22a1e 5 5 5 fffff99f 15 2c 9 1f 18 15 b f c c c c e 2d 9b61d 9
FIXUPS: bdb16 9 9 b fff649ee 9 8 e d 34 b 9 b f d 9b4d3 fff645f8 b 16 e
FIXUPS: 220d1 1e 39 9b97c b fff646d8 b 16 e 1b 1e 20 9b8b5 b fff64798 b
FIXUPS: 22288 e 1b 1e 38 9b7dd b fff64856 c 1c 4f fffff8ff 2e 5 d 33 d
FIXUPS: 21d6e 10 30 d 36 6d 4f d b d b d b d 12 17 9bb39 b fff64518 b 16
FIXUPS: 21fb6 1a 1e 39 9ba5d fff661ea 14 5a b 16 e 43 99e36 b fff6621c
FIXUPS: 23dca 2f 5 5 5 5 5 d 2f 10 30 10 30 10 ffffdd0b 5 d 33 d 33 10
FIXUPS: 21cae 1c7e 22 26 10 7 d 42 7 29 f 52 d 1e 12 13 9 2f f 7 12 32
FIXUPS: 23b6b 7 d 44 7 15 7 b 16 12 2b fffff9a6 a 20 7 d 22 7 d 3a 12 a
FIXUPS: 236cc 7 11 7 d 22 7 d 53 7 34 36 36 36 f 3b 24 9 2f f 7 fffff9ad
FIXUPS: 232d4 36 7 29 f 5a b 61 25 e f c e 7 18 7 d 1e 15 f 10 7 1a 9a653
FIXUPS: bdb6d b fff659e2 7 29 f 3f fffff8c0 8 f 32 11 11 11 8 13 4a 29
FIXUPS: 22fd3 19 37 12 2c 88 b 67 10 3d 15 15 15 15 15 15 13 3f a 1c 22
FIXUPS: 26ebe 10 ffffbc5b 5 d 33 d 33 10 30 d 2e 5 d 33 d 33 10 30 d 3a
FIXUPS: 22d6a 37 15 13 41 d 2a 2a 15 8 8 3ad5 2f c 15 1db 1e 30 39 1d 2f
FIXUPS: 26c80 4a 16 21 97063 b fff69017 13 2a 96fc1 b fff6905a 5 5 5 5
FIXUPS: 26e02 d 2f 10 30 10 fffff6ec 1f 15 14 9 15 7 29 9 29 30 f 1f 1a
FIXUPS: 266c3 29 97658 b fff689f7 1d 17 38 1d 29 49 1d 29 4b c 7 52 22
FIXUPS: 25eb8 12 d 48 12 10 54 29 44 15 b4 20 76 23 2d 23 2d 23 3e 9 14
FIXUPS: 26295 95 21 36 15 13 38 d b2 3e 46 fffff252 1c 32 10 30 d 34 17
FIXUPS: 258d0 1e 30 39 1d 2f 1d 92 15 cb 15 aa d 32 1e 30 39 1d 2f 1d 92
FIXUPS: 25dc7 b3 1f fffff4b5 c f 1f 9897c 9 b fff676a8 1e 30 39 1d 2f 1d
FIXUPS: 25506 f 2c 2a 43 2a 75 14 20 f 17 9867d b fff679e2 15 2b c c 98544
FIXUPS: bdcb8 fff672ad 17 e1 1e 16 17 98c1c b fff67421 d 6f 10 7a e 1c
FIXUPS: 25231 13 f 19 98a78 b fff675cd f 21 f 9 11 9 f 9 fffff9ff 21 b
FIXUPS: 24d89 6 9 9 9 a 12 15 c 9 15 d 28 6 9 9 9 a 16 14 21 13 10 19 c
FIXUPS: 24f04 f 24 98d6d fff66e24 7 11 7 a 1f 2e d 21 7 11 7 b 15 15 e
FIXUPS: 24bdd 17 99091 a b fff67002 8 7 c 9 7 16 15 18 9 15 fffffb12 b
FIXUPS: 24854 c c c c c e 1f 1a 9934d 9 9 9 9 9 b fff66cd8 b 12 1a 992f9
FIXUPS: bdc6f fff66d32 d 37 10 2c f 17 21 fffffada 33 1d 33 15 c 9 15 d
FIXUPS: 2461a b 9 17 f 1c 1e 37 15 c 9 11 11 f 4c 13 1c 9 2c 9 1f 18 15
FIXUPS: bdbd6 fff6666b 13 13 3a d 4f 15 f 9 11 11 17 1f 2e 1a 9981b c fff66825
FIXUPS: 24432 21 997b1 b fff66876 15 c 9 11 d a 19 35 fffff9f6 33 d 33
FIXUPS: 23f9e 30 d 2e 5 d 33 d 33 10 30 d 62 15 f 9 11 21 19 12 f f f 17
FIXUPS: bdba4 c c f fff70777 10 22f 29 4c 13 2a 8fac1 b fff70562 29 4c
FIXUPS: 2e6e9 2a 8fa01 b fff70622 29 4c 13 2a 8f941 b fff706e2 29 4c 13
FIXUPS: 2e8d3 8f881 b fff65daa 5 9480 39 1d 2f 1d 30 1e 30 39 1d 2f 1d
FIXUPS: 2d580 1e 30 39 1d 2f 1d 30 1e 30 39 1d 2f 1d a02 10 80 10 80 10
FIXUPS: 2ce7e 10 32 1e 30 39 1d 2f 1d 30 1e 30 39 1d 2f 1d 30 1e 30 39
FIXUPS: 2d1a4 2f 1d 30 1e 30 39 1d 2f 1d 30 1e fffff72e 29 9 26 30 f 1f
FIXUPS: 2cb5c 9 29 91546 b fff6eaf2 1d 29 8b 48 18 27 18 3d 2b 5 5 5 5
FIXUPS: 2cdc2 d 2f 10 30 10 fffff867 1f 15 14 9 11 29 9 23 11 1c 17 9 1f
FIXUPS: 2c821 1d 29 4e 1f 1f 15 c 11 21 38 1d 2c 63 1f 15 14 9 fffff790
FIXUPS: 2c21c 29 9 26 30 f 1f 1a 9 29 91d96 b fff6e2a2 1d 29 8b 48 18 27
FIXUPS: 2c4d1 3d 47 1f 1f 15 c 11 21 38 1d 2c fffff790 4e 1f 15 14 9 11
FIXUPS: 2bed0 9 23 11 1c 17 9 1f 49 1d 29 4e 1f 1f 15 c 11 21 38 1d 2c
FIXUPS: 2c1ba 1f 15 14 fffff790 9 11 29 9 26 30 f 1f 1a 9 29 925e6 b fff6da52
FIXUPS: 2bb0e 29 8b 48 18 27 18 3d 47 1f 1f 15 c 11 21 38 1d fffff790 2c
FIXUPS: 2b5d5 1f 15 14 9 11 29 9 23 11 1c 17 9 1f 49 1d 29 4e 1f 1f 15
FIXUPS: 2b834 11 21 38 1d 2c 63 1f 15 fffff790 14 9 11 29 9 26 30 f 1f
FIXUPS: 2b20c 9 29 92e36 b fff6d202 1d 29 8b 48 18 27 18 3d 47 1f 1f 15
FIXUPS: 2b4d4 11 21 38 fffff790 1d 2c 4e 1f 15 14 9 11 29 9 23 11 1c 17
FIXUPS: 2ae69 1f 49 1d 29 4e 1f 1f 15 c 11 21 38 1d 2c 63 1f fffff507 1e
FIXUPS: 2a64e 44 15 7b 15 7b 15 7b 15 7b 15 7b 15 7b 15 7b 15 6a 23 2d
FIXUPS: 2ab74 2d 23 41 1f 1f 15 c 11 21 fffff3de 10 51 29 32 18 2e 2e 10
FIXUPS: 2a205 29 36 10 51 29 32 18 2e 2a 1e 30 36 10 51 29 36 10 51 29
FIXUPS: 2a590 18 2e fffff71b 7 1a 942f2 9 9 9 9 9 9 9 9 9 b fff6bce4 10
FIXUPS: 29da5 29 36 10 51 29 32 18 2e 2a 1e 30 36 10 51 29 fffff9a3 4b
FIXUPS: 29a5c 9 35 9 32 9 2b 24 21 21 21 21 e 12 c c c c c c c c e 23 10
FIXUPS: 29c98 9 15 1e f fffffb2f 10 26 9 15 1e f e 7 1a 946d2 9 9 9 9 9
FIXUPS: bdfca 9 9 9 b fff6b904 23 9 1a 15 35 23 9 11 a 9 fffffb2b 35 23
FIXUPS: 29560 11 a 9 d 4b 30 9 35 9 32 9 2b 24 21 21 21 21 e 12 c c c c
FIXUPS: 297bd c c c e fffffb66 c c c c c e 23 10 26 9 15 1e f e 7 1a 94ab2
FIXUPS: bdf2d 9 9 9 9 9 9 9 9 b fff6b524 23 9 1a 94a12 9 b fff6b144 23
FIXUPS: 29080 1a 15 35 23 9 11 a 9 d 4b 30 9 35 9 32 9 2b 24 21 21 21 21
FIXUPS: 2931f 12 c c fffffb36 21 21 e 12 c c c c c c c c e 23 10 26 9 15
FIXUPS: 28fe4 f e 7 1a 94e92 9 9 9 9 9 9 9 fff6aaa1 d 30 d 39 1d 2f 1d
FIXUPS: 28b12 15 dd 23 9 1a 15 35 23 9 11 a 9 d 4b 30 9 35 9 32 9 2b 24
FIXUPS: 28e5e fffff84f 12 c c e 16 15 c 9 11 1f e 15 c 9 11 1f 21 956a6
FIXUPS: bde8d 9 b fff6a974 1d 33 1d 36 1d 33 1d 2c 10 fffffad9 7 13 f 2e
FIXUPS: 28498 b 7 d 7 2c 7 13 d 7 f 75 7 2d 7 b 15 b 9 7 b b b 1d 9 22
FIXUPS: 2869f fffffab8 1d 95cee b fff6a348 1c 3e 19 39 7 b 7 d 7 2c 7 13
FIXUPS: 282e3 5e 7 b 7 d 7 2c 7 13 f 2e 7 f 7 fffffaa6 7 10 1d 95f4c b
FIXUPS: 27f2f 19 58 f 2c 9 1f 1a 14 9 13 9 9 9 d 25 2f 9 14 9 13 9 9 9
FIXUPS: 28126 2a fffffa9a 9 d 21 14 9 9 9 d 22 1d 7 1d 96154 b fff69f01
FIXUPS: 27d2b 16 e 14 19 f 2c 9 1f 16 29 b 21 22 1a 11 fffffad4 16 e 14
FIXUPS: 279bc 9 17 16 1b 13 21 1c 1a 9 8 9 10 1d 7 1d 96312 b fff69d3e
FIXUPS: 27b48 16 e 14 25 16 14 9 9 fffff9e8 44 10 34 11 10 d 45 10 63 b
FIXUPS: 27758 e 14 25 1a 14 d 25 d 2f 9 14 d 22 1c 7 1d 964fd 17 b fff69b7a
FIXUPS: 27214 19 96b77 9 b fff694b1 10 44 10 47 10 35 10 44 10 34 c 9 8
FIXUPS: 2741b 9 10 d 43 10 35 10 44 10 47 10 35 fffff940 5 d 33 d 33 10
FIXUPS: 26fbe d 2e 5 d 33 d 33 10 30 d 4b 14 b 16 e e 14 b 16 e 1a 14 14
FIXUPS: 27200 8f8b 36 29 60 21 36 15 13 38 d 6c 18 27 18 3d 36 10 25 5
FIXUPS: 30483 5 5 5 d 2f 10 30 10 30 10 33 2a fffff55e 17 9 1f 49 1d 29
FIXUPS: 2fc84 1b 35 8e50b e fff71b48 11 f f 1a 8e486 b fff71ba2 13 13 1aa
FIXUPS: 2ff8e 32 1e 30 39 1d 2f 1d bb fffff4e0 47 15 aa 23 56 21 36 15
FIXUPS: 2f849 38 d 47 1f 1f 15 c 11 21 38 1d 2c 4e 1f 15 14 9 11 29 9 23
FIXUPS: 2fafd fffff65a 14 9 13 9 9 9 9 2a 7 10 58 9 18 36 10 76 d 32 1e
FIXUPS: 2f3ae 39 1d 2f 1d 34 10 51 29 94 15 74 fffff914 7 10 1f 8f21f 9
FIXUPS: be1a6 9 9 b fff70dde 7 11 7 2a 7 b f 2c 9 12 22 1a 11 10 7 10 12
FIXUPS: 2f101 f 2c 9 8f02f 9 b fff70be4 7 11 7 2a 7 b 9 15 7 9 2c 9 1f
FIXUPS: 2ee61 15 b f c c c c e 11 1c 1a 9 8 9 fffffb5f 30 d 56 16 1e 7
FIXUPS: 2eb71 7 b 13 23 9 10 31 32 c a 15 13 7 f 15 f 9 11 11 9 7 e f 1a
FIXUPS: 34448 5 5 d 2f 10 30 10 30 10 33 27 4e 13 2b 89e50 b fff7049a 5
FIXUPS: 2e90b 33 d 33 10 30 d 2e 5 d 33 d 33 557c 21 36 15 13 38 15 13
FIXUPS: 34111 d 4f f 17 8a2a1 b fff75dbb 18 27 18 3d 6c 18 27 18 3d 36
FIXUPS: 343d4 30 10 25 5 5 fffff54d c1 d 72 1e 30 39 1d 2f 1d 35 1b 4a
FIXUPS: 33c8b 21 8a748 b fff7596c 20 40 20 36 26 4f 13 2a 8a541 b fff75ae6
FIXUPS: 33f21 59 21 fffff339 1a 8b096 b fff74fc5 1b 35 8b00b e fff75048
FIXUPS: 33416 f f 1a 8af86 b fff750a2 d 33 13 13 3a 13 13 2da d 72 1e 30
FIXUPS: 33927 1d 2f fffff513 1a 9 29 8b462 b fff74be7 1d 17 38 1d 29 49
FIXUPS: 3303e 29 4b c 7 52 22 c 2f c 15 5f 1b 35 8b11b e fff74f38 11 f
FIXUPS: 32b04 15 7 21 38 1d 2c 2f a 1e 29 33 17 15 8 c 9 11 d 22 5c 1f
FIXUPS: 32d8e 14 9 15 7 29 9 29 30 f fffff86a 7 29 9 26 11 1f 1a 9 1f 5a
FIXUPS: 32813 17 38 1d 29 49 1d 29 4b c 7 52 22 c 2f c 15 40 1f 1f 15 fffff525
FIXUPS: 32035 36 10 39 10 51 29 37 17 55 10 c1 15 bb 15 be 1f 1f 15 c 15
FIXUPS: 324d0 21 38 1d 2c f3 1f 15 14 9 fffff3ef 9 15 c 21 9 1d 34 a 1c
FIXUPS: 31ba0 33 34 1d 2f 1d 92 15 cd 9 18 36 10 39 10 51 29 37 17 55 10
FIXUPS: 32014 fffff6ea 19 15 15 9 11 23 10 31 b 1e 25 1f 39 1d 33 1d 33
FIXUPS: 3191c 15 c 9 11 11 15 16 2b 52 f 17 8c8de b fff73183 9 29 9 1f
FIXUPS: 31514 1b e 12 c c c c e 1e 15 28 c 24 8cc8c c 9 9 9 9 9 9 9 9 b
FIXUPS: 3167c d fffffbc1 9 a f 9 11 11 9 7 11 1a 8cfb2 9 b fff73084 17
FIXUPS: 3136c 15 17 17 a c 20 14 11 9 22 e f c e 12 fffffb7a 59 13 38 7
FIXUPS: 310b8 7 13 c c 1f 6 9 a 1b 9 f 9 2a 1a a 1f 6 9 a e 15 c d 7 d
FIXUPS: 3123b fffff9c1 9 10 91 a 22 a 22 a 10 25 e f c e 31 8d49f 9 b fff72b94
FIXUPS: 30e08 a 24 41 8d3ed b fff72c3d d b3 2c 18 2c fffffa69 1f 6 9 a
FIXUPS: 30a8b 15 11 7 f 9 a f 9 11 11 9 7 11 1a 8d6d5 b fff7295e 17 9 9
FIXUPS: 30bbf 9 9 10 9 9 fffffb3b d 33 10 30 d 3e 19 2f 15 13 58 13 38
FIXUPS: 30913 15 7 17 17 a c 1f 6 9 a 1b 10 9 f 9 2a 1a 4721 36 2f 1f 89334
FIXUPS: be51d b fff76ce1 5 5 5 5 5 d 2f 10 30 10 30 10 ffffb2fb 5 d 33
FIXUPS: 3063b 33 10 30 d 2e 5 d 8ddcb 9 9 9 9 9 9 b fff76a85 14 b 16 e
FIXUPS: 34fdd 14 b 16 e 1e 6 2d 7 9 7 1a 7 15 7 17 11 36 2f fffffaf2 e
FIXUPS: 34c94 b 1d 15 31 11 12 c e 42 b 1d 15 31 11 12 c e 42 b 1d 15 31
FIXUPS: 34eed 12 c e 29 89572 9 fff76442 2f 32 28 b 16 e 1d 89aa0 9 b fff7659c
FIXUPS: 34a2f 12 1a 89a39 b fff765f2 d 37 10 50 b 19 e 40 b 1d 15 31 11
FIXUPS: 34c38 dc7 2f 10 30 10 30 10 ffffeb6b 5 d 33 d 33 10 30 d 2e 5 d
FIXUPS: 3476e d 33 10 30 d 54 b 16 e 44 15 17 ebe 6 9 a f 1c 88d84 9 b
FIXUPS: 3583a 1d 12 17 88d14 b fff77342 15 13 5d d 12 f 17 88c09 c b fff7740e
FIXUPS: 359de 5 5 5 5 fffffa79 33 10 30 d 53 16 1d 9 3e 23 88f59 c b fff770df
FIXUPS: 35643 1d 12 17 88ecb b fff7717c 12 22 9 9 a 6 12 1a 1a 2b cdd 30
FIXUPS: 36515 49 93 24 74 5 5 5 5 5 d 2f 10 30 10 30 10 ffffebab 5 d 33
FIXUPS: 3536b 33 10 30 d 2e 5 d 33 b93 d 32 1e 30 37 9 15 c 21 9 1d 34
FIXUPS: 36164 1c 30 33 38 20 76 23 56 21 36 15 13 38 d 33 10 18 1e fffff94a
FIXUPS: 35dba 11 2c 1b 11 c f 1a 8877c 9 c b fff778a5 15 19 b 16 e 12 14
FIXUPS: 35f31 f 9 11 d a 1b 13 1a 8864b b fff787f0 2f 10 30 10 30 10 ffffec2b
FIXUPS: 35aee d 33 d 33 10 30 d 2e 5 d 33 d 33 10 30 d 5c 17 9 11 2c 18
FIXUPS: 35d9a d57 15 13 5d d 2a 17 87a9f b fff785af 13 18 1a 87a22 9 b
FIXUPS: 36cc1 15 13 60 f 17 87935 b fff786f5 10 25 5 5 5 5 5 960 d 2f 10
FIXUPS: 377ce 10 30 10 ffffef7b 5 d 33 d 33 10 30 d 2e 5 d 33 d 33 10 30
FIXUPS: 3696b 4e 41 42 4c 87b9f b fff78ef3 9 1f 18 15 15 15 b f c c c c
FIXUPS: 375fa c c e 2d 870f7 9 9 9 9 9 9 9 b fff78fab 5 5 5 5 fffffb21
FIXUPS: 3727a e 1b d b 14 2f 873c6 9 9 9 9 9 9 9 b fff78c38 f f 21 8739f
FIXUPS: be72d b fff78c96 1b 1a 1b 1a 19 7e 30 fffff9fc 33 d 33 10 30 d
FIXUPS: 36fe9 5 d 33 d 33 10 30 d 75 34 29 9 1f 18 15 15 15 b f c c c c
FIXUPS: 37262 8f4 86c51 b fff79405 f d 2e 15 13 5d d 2a 17 86b0f b fff79516
FIXUPS: 37d14 25 5 5 5 5 5 d 2f 10 30 10 30 10 fffff0cb 5 85196 b fff477ce
FIXUPS: 386d e8 d 27 5 d 73 10 33e2b 5 d 33 d 33 10 30 d 2e 5 d 33 d 33
FIXUPS: 379de 30 d 4e 5f 42 fffcb8b8 2f 12 38 f d ea 10 52 16 16 17 21
FIXUPS: 3616 2d 35 13 f e 16 38 13 3e 13 f e 16 34 18 23 15 1d fffff704
FIXUPS: 2f4d 7 23 10 2a 16 64 c d 7f d 31 1e 2f 14 d 6e d 37 c a c 14 11
FIXUPS: 3280 13 d8 1b 16 7 12 fffff6d4 9 a 22 24 b9555 c b fff46af3 11
FIXUPS: 2b7b 9b d 2e 7 d 93 d 37 d 5c f 2b f e 16 31 23 15 1a b91cf b fff466fe
FIXUPS: 2781 15 19 24 b 15 1c 1b 12 b 32 16 24 11 25 19 b 11 32 16 5 20
FIXUPS: 299c 11 b 32 16 b b 28 28 fffff7e0 32 d 63 d 63 d 63 d 63 d 63
FIXUPS: 24b5 5d c d 3d 10 7 d 9c d 60 7 d 51 15 b 17 13 7 18 fffff904 7
FIXUPS: 2076 6 c d 6 c d 9 13 f f d 6 c a 6 c a 6 c c a 6 c c 21 b9e7a
FIXUPS: bc01f fff4620f 8 fffff96b 2b 35 d 37 10 5e 10 7 d 25 77 e 7 e 7
FIXUPS: 1dab 12 11c 7 16 2f c d 85 8 3b f d 10 22 9 fffff724 10 5a 12 17
FIXUPS: bbfb4 b fff4587d a 13 6c 7 d 3f d 6e 37 37 7 d 82 b 16 e 23 ba4eb
FIXUPS: bbfdf fff45b62 f 1a ba48a b fff4534a babeb b fff45457 e 18 35 bab63
FIXUPS: bbf5f fff454be 10 a9 19 18 23 24 baa26 b fff4564f 1b 17 ba994 b
FIXUPS: 1635 17 39 12 44 10 36 15 13 fffff8d0 5 d 33 d 33 10 30 d 2e 5
FIXUPS: 112b 33 d 33 10 30 d ab 7 16 e 10 9 9 9 9 a 8 9 13 f
